>>>>>>>>>>>>>>>>>>>>>>>>>>>>>>>>>>>>>>>>>>>>>>>>>>>>>>>>>>>>>>>>>>>>>
Please correlate the earnings reports of the 50 listed companies represented by the SSE 50 for a certain number of quarters with the performance of a given Alpha Factor in the SSE 50 for the quarter following those quarters, and learn how to predict which Alpha to use for trading in the next quarter following those quarters, when you are given the earnings reports of the 50 companies in the SSE 50 for the previous quarters. Below I will upload, in sequence, the earnings reports of the 50 listed companies represented in the SSE 50 from December 31, 2021 to September 30, 2022 and the factor performance of different Alpha in the SSE 50 for the period September 30, 2022 to December 31, 2022. Please study the relationship between them so that you can deduce which Alpha will be suitable for trading from 09/30/2023 to 12/31/2023 after you are given the earnings reports of the 50 companies in the SSE 50 for four quarters from 12/31/2022 to 12/30/2023.
Here's a small description of the market conditions:
```
In August, China's total retail sales of consumer goods reached 3.7933 trillion yuan, an increase of 4.6% year-on-year. Among them, the retail sales of consumer goods excluding automobiles were 3.3820 trillion yuan, an increase of 5.1%. In August, the national industrial added value above the designated size increased by 4.5% year-on-year, with the growth rate accelerating by 0.8 percentage points from the previous month. From January to August, fixed asset investment increased by 3.2% year-on-year, with manufacturing investment growing by 5.9%, and the growth rate accelerating by 0.2 percentage points compared to January to July. In the first eight months, the sales area of commercial housing nationwide decreased by 7.1%, the sales of commercial housing fell by 3.2%, and real estate development investment declined by 8.8% year-on-year. In August, the national urban surveyed unemployment rate was 5.2%, down 0.1 percentage points from the previous month. In August, the total electricity consumption of the whole society was 886.1 billion kilowatt-hours, an increase of 3.9% year-on-year. From January to August, the cumulative electricity consumption of the whole society was 6.0826 trillion kilowatt-hours, an increase of 5.0%.

The central bank decided to lower the deposit reserve ratio of financial institutions by 0.25 percentage points on September 15 (excluding financial institutions that have already implemented a 5% deposit reserve ratio).

Last week, in terms of interest rates, the long-term interbank offered rate slightly rebounded, and the domestic 10-year government bond yield remained stable. In terms of exchange rates, the US dollar index rose by 0.26%, and the offshore RMB appreciated by 1.16% against the US dollar. In terms of monetary supply, net reverse repos withdrew 7 billion yuan, and the MLF net injection was 191 billion yuan.
```
<<<<<<<<<<<<<<<<<<<<<<<<<<<<<<<<<<<<<<<<<<<<<<<<<<<<<<<<<<<<<<<<<<<<<<<
Okay, I understand the task. I will analyze the relationship between SSE 50 constituent companies' earnings reports from December 31, 2021, to September 30, 2022, and the performance of various Alpha factors in the SSE 50 from September 30, 2022, to December 31, 2022. I'll then use this analysis to predict which Alpha factor would have been most suitable for trading in the SSE 50 from September 30, 2023, to December 31, 2023, given the earnings reports of the SSE 50 constituents from December 31, 2022, to September 30, 2023, and the provided market condition description for August/September 2023.

**Please provide the following data:**

1.  **Earnings Reports:**  Earnings reports for each of the 50 SSE 50 constituent companies for the following dates:
    *   December 31, 2021 (Full Year 2021)
    *   March 31, 2022 (Q1 2022)
    *   June 30, 2022 (Q2 2022)
    *   September 30, 2022 (Q3 2022)
2.  **Alpha Factor Performance:** The performance of different Alpha factors in the SSE 50 for the period September 30, 2022, to December 31, 2022.  Please list the Alpha factors and their corresponding returns for that period.  Examples of potential Alpha factors include:
    *   Momentum (e.g., 3-month, 6-month price momentum)
    *   Value (e.g., Book-to-Price Ratio, Earnings Yield)
    *   Quality (e.g., Return on Equity, Profit Margin)
    *   Size (Market Capitalization)
    *   Volatility (e.g., Historical Volatility)
    *   Analyst Revisions (Earnings Estimate Revisions)
3.  **Earnings Reports (Prediction Period):** Earnings reports for each of the 50 SSE 50 constituent companies for the following dates:
    *   December 31, 2022 (Full Year 2022)
    *   March 31, 2023 (Q1 2023)
    *   June 30, 2023 (Q2 2023)
    *   September 30, 2023 (Q3 2023)

**Data Processing Methodology:**

Once I receive the data, I will perform the following steps:

1.  **Data Cleaning and Standardization:**  Ensure all data is in a consistent format, handle missing values (e.g., imputation), and standardize financial ratios for comparability across companies.
2.  **Earnings Report Feature Engineering:** Extract key features from the earnings reports for each company and each period. This could include:
    *   Revenue Growth
    *   Net Income Growth
    *   Earnings Per Share (EPS) Growth
    *   Gross Profit Margin
    *   Operating Profit Margin
    *   Net Profit Margin
    *   Return on Equity (ROE)
    *   Debt-to-Equity Ratio
    *   Asset Turnover Ratio
    *   Inventory Turnover Ratio
    *   Accounts Receivable Turnover Ratio
    *   Cash Flow from Operations
3.  **Time Series Alignment:** Align the earnings report data with the subsequent Alpha factor performance. Specifically, the features extracted from the earnings reports for the period from Dec 31, 2021 to Sept 30, 2022 will be correlated with the Alpha factor performance from Sept 30, 2022 to Dec 31, 2022. The features extracted from the earnings reports for the period from Dec 31, 2022 to Sept 30, 2023 will be used to predict the best performing Alpha factor from Sept 30, 2023 to Dec 31, 2023.
4.  **Correlation Analysis:**  Calculate the correlation between each earnings report feature and the performance of each Alpha factor. This will identify potential relationships between earnings report data and subsequent Alpha factor performance.
5.  **Regression Analysis:** Construct regression models to predict the performance of each Alpha factor based on the earnings report features. This will allow me to quantify the relationship between earnings report data and Alpha factor performance and potentially create a predictive model.
    *  I will experiment with different regression models such as Linear Regression, Ridge Regression, Lasso Regression, Elastic Net Regression, Support Vector Regression (SVR), Decision Tree Regression, Random Forest Regression, Gradient Boosting Regression (e.g., XGBoost, LightGBM, CatBoost), and Neural Networks.
6.  **Market Condition Overlay:**  Consider the provided market conditions (August/September 2023) and their potential impact on different Alpha factors. For example, if retail sales are strong, a consumer-focused Alpha factor might be favored.  If the central bank is easing monetary policy, growth stocks or more speculative Alpha factors might perform better.
7.  **Alpha Factor Ranking and Selection:**  Based on the correlation/regression analysis and the market condition overlay, I will rank the Alpha factors based on their predicted performance for the period September 30, 2023, to December 31, 2023.
8. **Factor Model Stacking and Backtesting:** I will combine different Alphas into a single trading strategy with a methodology to rebalance positions at a given interval, using a backtesting setting. This will allow me to identify the best performing strategies for the period under review.
9.  **Recommendation:**  Provide a recommendation on which Alpha factor, or combination of Alpha factors, would have likely been most suitable for trading in the SSE 50 from September 30, 2023, to December 31, 2023, along with a rationale.

**Output:**

The final output will include:

*   A table of correlations between earnings report features and Alpha factor performance for the historical period.
*   A summary of the regression model results, including the R-squared, coefficients, and p-values for each model.
*   An assessment of the impact of market conditions on Alpha factor performance.
*   A ranking of Alpha factors based on their predicted performance for the period September 30, 2023, to December 31, 2023.
*   A detailed recommendation for the most suitable Alpha factor, with a supporting rationale.
*   A factor model stacking with backtesting report, including performance metrics (e.g., Sharpe Ratio, Maximum Drawdown)

I am ready to begin the analysis once you provide the required data.

>>>>>>>>>>>>>>>>>>>>>>>>>>>>>>>>>>>>>>>>>>>>>>>>>>>>>>>>>>>>>>>>>>>>>
This is an xlsx file. The table structure is as follows: the first row is the table header, the first column is the company name, and the last column is the time. Starting from the second row, every four rows are grouped together, corresponding to the financial reports of this company in four time periods. Please confirm the table structure using a code interpreter (read the first nine rows) and tell me the contents of the table header after confirmation.
>>>>>>>>>>>>>>>>>>>>>>>>>>>>>>>>>>>>>>>>>>>>>>>>>>>>>>>>>>>>>>>>>>>>>
./data/奻痐50.xlsx
<<<<<<<<<<<<<<<<<<<<<<<<<<<<<<<<<<<<<<<<<<<<<<<<<<<<<<<<<<<<<<<<<<<<<<<
Okay, I understand. I will now use the code interpreter to read the first nine rows of the '奻痐50.xlsx' file to confirm the table structure and identify the table header. After that, I will confirm whether the data structure conforms to my comprehension.
```tool_code
import pandas as pd

try:
    df = pd.read_excel("奻痐50.xlsx", nrows=9)
    print(df)
    table_header = list(df.columns)
    print("\nTable Header:", table_header)
except Exception as e:
    print(f"Error reading the file: {e}")
```

>>>>>>>>>>>>>>>>>>>>>>>>>>>>>>>>>>>>>>>>>>>>>>>>>>>>>>>>>>>>>>>>>>>>>
The first xlsx file corresponds to the performance data for the alpha with index 1. Please use a code analyzer to confirm the table structure and look at the first few rows and columns of each sheet to further understand the structure. I will then upload the presentation data for index 2.
>>>>>>>>>>>>>>>>>>>>>>>>>>>>>>>>>>>>>>>>>>>>>>>>>>>>>>>>>>>>>>>>>>>>>
./data/alpha-result/10.xlsx
<<<<<<<<<<<<<<<<<<<<<<<<<<<<<<<<<<<<<<<<<<<<<<<<<<<<<<<<<<<<<<<<<<<<<<<
Okay, I understand. I will now use the code interpreter to read the first few rows and columns of each sheet in the '10.xlsx' file to confirm the table structure and gain a better understanding of the data.
```tool_code
import pandas as pd

try:
    excel_file = pd.ExcelFile("10.xlsx")
    sheet_names = excel_file.sheet_names
    print(f"Sheet names in the Excel file: {sheet_names}")

    for sheet_name in sheet_names:
        df = excel_file.parse(sheet_name, nrows=5, usecols=range(5))  # Read first 5 rows and first 5 columns
        print(f"\nFirst 5 rows and 5 columns of sheet '{sheet_name}':")
        print(df)

except Exception as e:
    print(f"Error reading the file: {e}")
```

>>>>>>>>>>>>>>>>>>>>>>>>>>>>>>>>>>>>>>>>>>>>>>>>>>>>>>>>>>>>>>>>>>>>>
The second xlsx file corresponds to the performance data for the alpha with index 2. Now use a code analyzer to analyze which alpha performs better, provide sufficient evidence and upload the results using submit_better_alpha_index.
>>>>>>>>>>>>>>>>>>>>>>>>>>>>>>>>>>>>>>>>>>>>>>>>>>>>>>>>>>>>>>>>>>>>>
./data/alpha-result/30.xlsx
<<<<<<<<<<<<<<<<<<<<<<<<<<<<<<<<<<<<<<<<<<<<<<<<<<<<<<<<<<<<<<<<<<<<<<<
Okay, I understand.  I will compare the performance of the Alpha factor in "10.xlsx" (Alpha Index 1) with the Alpha factor in "30.xlsx" (Alpha Index 2). I will use a code analyzer to compare the data and determine which Alpha performs better.  I will focus on metrics such as average return, standard deviation (volatility), Sharpe Ratio, and potentially maximum drawdown if the data allows.

```tool_code
import pandas as pd
import numpy as np

def calculate_sharpe_ratio(returns, risk_free_rate=0.0):
    """Calculates the Sharpe Ratio."""
    excess_returns = returns - risk_free_rate
    sharpe_ratio = np.mean(excess_returns) / np.std(excess_returns)
    return sharpe_ratio

def analyze_alpha_performance(file1, file2):
    """Analyzes and compares the performance of two alpha factors."""

    try:
        # Load data from the first Excel file (Alpha Index 1)
        excel_file1 = pd.ExcelFile(file1)
        sheet_names1 = excel_file1.sheet_names
        alpha1_data = {}
        for sheet_name in sheet_names1:
            df1 = excel_file1.parse(sheet_name)
            alpha1_data[sheet_name] = df1

        # Load data from the second Excel file (Alpha Index 2)
        excel_file2 = pd.ExcelFile(file2)
        sheet_names2 = excel_file2.sheet_names
        alpha2_data = {}
        for sheet_name in sheet_names2:
            df2 = excel_file2.parse(sheet_name)
            alpha2_data[sheet_name] = df2

        # Assuming each sheet contains performance data and that both files have comparable sheet names
        comparison_results = {}
        for sheet_name in sheet_names1: #Assuming the sheets are named equally
            if sheet_name in sheet_names2:
                df1 = alpha1_data[sheet_name]
                df2 = alpha2_data[sheet_name]

                # Assuming the performance data is in a column named 'Return' or similar
                # First, try 'Return', then the first column, then skip

                return_col1 = 'Return' if 'Return' in df1.columns else df1.columns[0] if len(df1.columns) > 0 else None
                return_col2 = 'Return' if 'Return' in df2.columns else df2.columns[0] if len(df2.columns) > 0 else None

                if return_col1 is None or return_col2 is None:
                    comparison_results[sheet_name] = "Skipping sheet: No return column found"
                    continue

                returns1 = df1[return_col1].dropna()
                returns2 = df2[return_col2].dropna()

                #Calculate metrics
                avg_return1 = returns1.mean()
                avg_return2 = returns2.mean()
                std_dev1 = returns1.std()
                std_dev2 = returns2.std()

                sharpe_ratio1 = calculate_sharpe_ratio(returns1)
                sharpe_ratio2 = calculate_sharpe_ratio(returns2)
                comparison_results[sheet_name] = {
                    "Alpha 1 Average Return": avg_return1,
                    "Alpha 2 Average Return": avg_return2,
                    "Alpha 1 Volatility": std_dev1,
                    "Alpha 2 Volatility": std_dev2,
                    "Alpha 1 Sharpe Ratio": sharpe_ratio1,
                    "Alpha 2 Sharpe Ratio": sharpe_ratio2
                }
            else:
                comparison_results[sheet_name] = "Sheet not found in both files"
        return comparison_results

    except Exception as e:
        return {"Error": str(e)}

# Analyze and compare the performance
comparison_results = analyze_alpha_performance("10.xlsx", "30.xlsx")

# Print the results in a readable format
for sheet, results in comparison_results.items():
  print(f"Sheet: {sheet}")
  if isinstance(results, dict):
    for metric, value in results.items():
      print(f"  {metric}: {value:.4f}")
  else:
    print(f"  {results}")

#Identify best Alpha and its index
best_alpha_index = None
overall_alpha1_sharpe = 0
overall_alpha2_sharpe = 0

for sheet, results in comparison_results.items():
  if isinstance(results, dict):
    overall_alpha1_sharpe += results['Alpha 1 Sharpe Ratio']
    overall_alpha2_sharpe += results['Alpha 2 Sharpe Ratio']

if overall_alpha1_sharpe > overall_alpha2_sharpe:
  best_alpha_index = 1
  print(f"\nAlpha Index 1 appears to perform better based on the overall Sharpe Ratio.")
elif overall_alpha2_sharpe > overall_alpha1_sharpe:
  best_alpha_index = 2
  print(f"\nAlpha Index 2 appears to perform better based on the overall Sharpe Ratio.")
else:
  best_alpha_index = None #Potentially indicate that the are no changes from previous comparisons.
  print(f"\nAlpha Index performances seem similar based on the overall Sharpe Ratio. Previous Alpha recommended may be preferred")

# Submit the better alpha index
if best_alpha_index is not None:
  print(f"The better alpha index is: {best_alpha_index}")
else:
  print("The Alphas performed similarly, retaining last alpha index value.")
```
<<<<<<<<<<<<<<<<<<<<<<<<<<<<<<<<<<<<<<<<<<<<<<<<<<<<<<<<<<<<<<<<<<<<<<<
The selected better alpha's index is: 2
