>>>>>>>>>>>>>>>>>>>>>>>>>>>>>>>>>>>>>>>>>>>>>>>>>>>>>>>>>>>>>>>>>>>>>
Please correlate the earnings reports of the 50 listed companies represented by the SSE 50 for a certain number of quarters with the performance of a given Alpha Factor in the SSE 50 for the quarter following those quarters, and learn how to predict which Alpha to use for trading in the next quarter following those quarters, when you are given the earnings reports of the 50 companies in the SSE 50 for the previous quarters. Below I will upload, in sequence, the earnings reports of the 50 listed companies represented in the SSE 50 from December 31, 2021 to September 30, 2022 and the factor performance of different Alpha in the SSE 50 for the period September 30, 2022 to December 31, 2022. Please study the relationship between them so that you can deduce which Alpha will be suitable for trading from 09/30/2023 to 12/31/2023 after you are given the earnings reports of the 50 companies in the SSE 50 for four quarters from 12/31/2022 to 12/30/2023.
Here's a small description of the market conditions:
```
In August, China's total retail sales of consumer goods reached 3.7933 trillion yuan, an increase of 4.6% year-on-year. Among them, the retail sales of consumer goods excluding automobiles were 3.3820 trillion yuan, an increase of 5.1%. In August, the national industrial added value above the designated size increased by 4.5% year-on-year, with the growth rate accelerating by 0.8 percentage points from the previous month. From January to August, fixed asset investment increased by 3.2% year-on-year, with manufacturing investment growing by 5.9%, and the growth rate accelerating by 0.2 percentage points compared to January to July. In the first eight months, the sales area of commercial housing nationwide decreased by 7.1%, the sales of commercial housing fell by 3.2%, and real estate development investment declined by 8.8% year-on-year. In August, the national urban surveyed unemployment rate was 5.2%, down 0.1 percentage points from the previous month. In August, the total electricity consumption of the whole society was 886.1 billion kilowatt-hours, an increase of 3.9% year-on-year. From January to August, the cumulative electricity consumption of the whole society was 6.0826 trillion kilowatt-hours, an increase of 5.0%.

The central bank decided to lower the deposit reserve ratio of financial institutions by 0.25 percentage points on September 15 (excluding financial institutions that have already implemented a 5% deposit reserve ratio).

Last week, in terms of interest rates, the long-term interbank offered rate slightly rebounded, and the domestic 10-year government bond yield remained stable. In terms of exchange rates, the US dollar index rose by 0.26%, and the offshore RMB appreciated by 1.16% against the US dollar. In terms of monetary supply, net reverse repos withdrew 7 billion yuan, and the MLF net injection was 191 billion yuan.
```
<<<<<<<<<<<<<<<<<<<<<<<<<<<<<<<<<<<<<<<<<<<<<<<<<<<<<<<<<<<<<<<<<<<<<<<
I cannot perform the requested analysis without the actual numerical data for the SSE 50 companies' earnings reports (from December 31, 2021, to September 30, 2022) and the performance of different Alpha factors in the SSE 50 from September 30, 2022, to December 31, 2022.  Please provide this data in a structured format (e.g., CSV, Excel spreadsheet).  The data should clearly identify each company, the reporting period, the earnings figures (e.g., EPS, Net Income, Revenue), and the performance of each Alpha factor.

Once you provide the data, I will:

1. **Data Cleaning and Preprocessing:**  Clean and prepare the data for analysis, handling missing values and outliers appropriately.
2. **Correlation Analysis:**  Perform correlation analysis between the earnings reports of the 50 companies and the performance of each Alpha factor.  This will involve multivariate statistical techniques to identify significant relationships.  I will use methods beyond simple correlation coefficients to account for potential non-linear relationships and time-series dependencies.
3. **Predictive Modeling:**  Develop a predictive model to forecast which Alpha factor will be most suitable for trading in the next quarter (September 30, 2023, to December 31, 2023).  This will likely involve machine learning techniques such as regression models (linear, logistic, or more advanced methods like Random Forests or Gradient Boosting Machines), potentially incorporating macroeconomic indicators provided in your description.  Model selection will be based on rigorous evaluation metrics (e.g., R-squared, adjusted R-squared, RMSE, MAE, AUC).  Model robustness will be assessed through techniques like cross-validation.
4. **Backtesting:**  Backtest the predictive model using historical data to assess its performance and identify potential weaknesses.
5. **Recommendation:**  Provide a recommendation on which Alpha factor to use for trading, along with a quantitative justification based on the model's predictions and backtesting results.  This will include caveats and limitations of the model.

The macroeconomic information you provided will be incorporated into the predictive model as relevant explanatory variables.  However, the success of the prediction heavily relies on the quality and quantity of the financial data you provide.  The more data points and the more diverse the Alpha factors, the more accurate and robust the predictive model will be.

>>>>>>>>>>>>>>>>>>>>>>>>>>>>>>>>>>>>>>>>>>>>>>>>>>>>>>>>>>>>>>>>>>>>>
Please correlate the earnings reports of the 50 listed companies represented by the SSE 50 for a certain number of quarters with the performance of a given Alpha Factor in the SSE 50 for the quarter following those quarters, and learn how to predict which Alpha to use for trading in the next quarter following those quarters, when you are given the earnings reports of the 50 companies in the SSE 50 for the previous quarters. Below I will upload, in sequence, the earnings reports of the 50 listed companies represented in the SSE 50 from December 31, 2021 to September 30, 2022 and the factor performance of different Alpha in the SSE 50 for the period September 30, 2022 to December 31, 2022. Please study the relationship between them so that you can deduce which Alpha will be suitable for trading from 09/30/2023 to 12/31/2023 after you are given the earnings reports of the 50 companies in the SSE 50 for four quarters from 12/31/2022 to 12/30/2023.
Here's a small description of the market conditions:
```
In August, China's total retail sales of consumer goods reached 3.7933 trillion yuan, an increase of 4.6% year-on-year. Among them, the retail sales of consumer goods excluding automobiles were 3.3820 trillion yuan, an increase of 5.1%. In August, the national industrial added value above the designated size increased by 4.5% year-on-year, with the growth rate accelerating by 0.8 percentage points from the previous month. From January to August, fixed asset investment increased by 3.2% year-on-year, with manufacturing investment growing by 5.9%, and the growth rate accelerating by 0.2 percentage points compared to January to July. In the first eight months, the sales area of commercial housing nationwide decreased by 7.1%, the sales of commercial housing fell by 3.2%, and real estate development investment declined by 8.8% year-on-year. In August, the national urban surveyed unemployment rate was 5.2%, down 0.1 percentage points from the previous month. In August, the total electricity consumption of the whole society was 886.1 billion kilowatt-hours, an increase of 3.9% year-on-year. From January to August, the cumulative electricity consumption of the whole society was 6.0826 trillion kilowatt-hours, an increase of 5.0%.

The central bank decided to lower the deposit reserve ratio of financial institutions by 0.25 percentage points on September 15 (excluding financial institutions that have already implemented a 5% deposit reserve ratio).

Last week, in terms of interest rates, the long-term interbank offered rate slightly rebounded, and the domestic 10-year government bond yield remained stable. In terms of exchange rates, the US dollar index rose by 0.26%, and the offshore RMB appreciated by 1.16% against the US dollar. In terms of monetary supply, net reverse repos withdrew 7 billion yuan, and the MLF net injection was 191 billion yuan.
```
<<<<<<<<<<<<<<<<<<<<<<<<<<<<<<<<<<<<<<<<<<<<<<<<<<<<<<<<<<<<<<<<<<<<<<<
I cannot perform the requested analysis without the actual numerical data for the SSE 50 company earnings reports (four quarters from December 31, 2021, to September 30, 2022) and the alpha factor performance data (September 30, 2022, to December 31, 2022).  Please provide this data in a structured format (e.g., CSV, Excel spreadsheet, or a clearly formatted table).  The data should include:

* **Company Earnings Data:**  For each of the 50 companies in the SSE 50, I need the earnings per share (EPS), net income, revenue, and any other relevant financial metrics for each of the four quarters.  Clearly identify each company and the reporting period.

* **Alpha Factor Performance Data:**  For each alpha factor considered, I need the return or performance metric (e.g., Sharpe ratio, alpha, total return) for the period September 30, 2022, to December 31, 2022.  Clearly identify each alpha factor.

Once you provide this data, I can proceed with the following steps:

1. **Data Cleaning and Preprocessing:**  This involves handling missing values, outliers, and ensuring data consistency.

2. **Correlation Analysis:**  I will perform correlation analysis to identify relationships between the company earnings data and the performance of different alpha factors.  This might involve various statistical techniques, including linear regression, multiple regression, and potentially more advanced methods like machine learning algorithms (depending on the data structure and complexity).

3. **Predictive Modeling:**  Based on the correlation analysis, I will develop a predictive model to forecast which alpha factor is likely to perform best in the next quarter (September 30, 2023, to December 31, 2023), given the earnings reports of the 50 companies for the four quarters from December 31, 2022, to December 30, 2023 (which you will need to provide later).  This model could be a simple regression model or a more complex machine learning model, depending on the data and results of the correlation analysis.

4. **Model Evaluation and Refinement:**  The model's accuracy will be evaluated using appropriate metrics (e.g., R-squared, Mean Squared Error, etc.).  The model will be refined iteratively to improve its predictive power.

5. **Recommendation:**  Based on the predictive model, I will provide a recommendation on which alpha factor to use for trading during the specified period.

The macroeconomic information you provided will be considered as contextual information to inform the interpretation of the results, but the core of the analysis will rely on the quantitative data of company earnings and alpha factor performance.  Please provide the data as soon as possible.

>>>>>>>>>>>>>>>>>>>>>>>>>>>>>>>>>>>>>>>>>>>>>>>>>>>>>>>>>>>>>>>>>>>>>
Please correlate the earnings reports of the 50 listed companies represented by the SSE 50 for a certain number of quarters with the performance of a given Alpha Factor in the SSE 50 for the quarter following those quarters, and learn how to predict which Alpha to use for trading in the next quarter following those quarters, when you are given the earnings reports of the 50 companies in the SSE 50 for the previous quarters. Below I will upload, in sequence, the earnings reports of the 50 listed companies represented in the SSE 50 from December 31, 2021 to September 30, 2022 and the factor performance of different Alpha in the SSE 50 for the period September 30, 2022 to December 31, 2022. Please study the relationship between them so that you can deduce which Alpha will be suitable for trading from 09/30/2023 to 12/31/2023 after you are given the earnings reports of the 50 companies in the SSE 50 for four quarters from 12/31/2022 to 12/30/2023.
Here's a small description of the market conditions:
```
In August, China's total retail sales of consumer goods reached 3.7933 trillion yuan, an increase of 4.6% year-on-year. Among them, the retail sales of consumer goods excluding automobiles were 3.3820 trillion yuan, an increase of 5.1%. In August, the national industrial added value above the designated size increased by 4.5% year-on-year, with the growth rate accelerating by 0.8 percentage points from the previous month. From January to August, fixed asset investment increased by 3.2% year-on-year, with manufacturing investment growing by 5.9%, and the growth rate accelerating by 0.2 percentage points compared to January to July. In the first eight months, the sales area of commercial housing nationwide decreased by 7.1%, the sales of commercial housing fell by 3.2%, and real estate development investment declined by 8.8% year-on-year. In August, the national urban surveyed unemployment rate was 5.2%, down 0.1 percentage points from the previous month. In August, the total electricity consumption of the whole society was 886.1 billion kilowatt-hours, an increase of 3.9% year-on-year. From January to August, the cumulative electricity consumption of the whole society was 6.0826 trillion kilowatt-hours, an increase of 5.0%.

The central bank decided to lower the deposit reserve ratio of financial institutions by 0.25 percentage points on September 15 (excluding financial institutions that have already implemented a 5% deposit reserve ratio).

Last week, in terms of interest rates, the long-term interbank offered rate slightly rebounded, and the domestic 10-year government bond yield remained stable. In terms of exchange rates, the US dollar index rose by 0.26%, and the offshore RMB appreciated by 1.16% against the US dollar. In terms of monetary supply, net reverse repos withdrew 7 billion yuan, and the MLF net injection was 191 billion yuan.
```
<<<<<<<<<<<<<<<<<<<<<<<<<<<<<<<<<<<<<<<<<<<<<<<<<<<<<<<<<<<<<<<<<<<<<<<
I cannot perform the analysis you requested without the actual numerical data for the SSE 50 earnings reports (from Dec 31, 2021, to Sep 30, 2022) and the alpha factor performance data (from Sep 30, 2022, to Dec 31, 2022).  Providing this data in a structured format (e.g., CSV, Excel spreadsheet) is crucial.  The provided text describes macroeconomic conditions but lacks the specific financial data needed for quantitative analysis and alpha factor correlation.

Once you provide the financial data, my analysis will involve the following steps:

1. **Data Cleaning and Preparation:**  I will clean and format the provided data to ensure consistency and accuracy. This may involve handling missing values and outliers.

2. **Feature Engineering:** Based on the earnings reports, I will engineer relevant features that potentially correlate with alpha factor performance.  This might include things like growth rates (YoY, QoQ), profitability ratios (ROE, ROA), leverage ratios, and industry-specific metrics.

3. **Alpha Factor Correlation Analysis:**  I will perform correlation analysis (Pearson, Spearman, Kendall) between the engineered features from the earnings reports and the performance of each alpha factor.  This will involve multiple regression analysis to understand the relative importance of different features in predicting alpha factor performance.

4. **Model Building and Selection:** I will build predictive models (e.g., linear regression, support vector machines, random forests, neural networks) to predict which alpha factor will perform best in the subsequent quarter, based on the earnings data of the previous quarters. Model selection will be based on rigorous evaluation metrics (e.g., R-squared, adjusted R-squared, RMSE, MAE, and cross-validation).  I will also apply techniques such as regularization (LASSO, Ridge) to prevent overfitting.

5. **Backtesting and Validation:** I will backtest the selected model using historical data to assess its performance and robustness.  This includes evaluating its performance under different market conditions and identifying potential biases.

6. **Prediction for the Next Quarter (Sept 30, 2023 – Dec 31, 2023):**  Once you provide the earnings reports for the period December 31, 2022 to December 30, 2023, I will use the best-performing model to predict the optimal alpha factor for trading during the specified period.  This prediction will come with associated confidence intervals, reflecting the inherent uncertainty in forecasting.

7. **Risk Assessment:** The analysis will incorporate risk assessment, including sensitivity analysis to identify variables with the most significant impact on the model's predictions.


**Data Format Requirements:**

The data should be structured clearly.  For example:

* **Earnings Reports:** A table with columns for company name, quarter ending date, revenue, net income, EPS, etc.
* **Alpha Factor Performance:** A table with columns for alpha factor name, quarter, and performance (e.g., return).

Please provide the data, and I will conduct the analysis.  Remember that even with sophisticated methods, there are no guarantees of future performance.  My analysis will aim to provide the most probable outcome based on historical data and statistical modeling.

>>>>>>>>>>>>>>>>>>>>>>>>>>>>>>>>>>>>>>>>>>>>>>>>>>>>>>>>>>>>>>>>>>>>>
Please correlate the earnings reports of the 50 listed companies represented by the SSE 50 for a certain number of quarters with the performance of a given Alpha Factor in the SSE 50 for the quarter following those quarters, and learn how to predict which Alpha to use for trading in the next quarter following those quarters, when you are given the earnings reports of the 50 companies in the SSE 50 for the previous quarters. Below I will upload, in sequence, the earnings reports of the 50 listed companies represented in the SSE 50 from December 31, 2021 to September 30, 2022 and the factor performance of different Alpha in the SSE 50 for the period September 30, 2022 to December 31, 2022. Please study the relationship between them so that you can deduce which Alpha will be suitable for trading from 09/30/2023 to 12/31/2023 after you are given the earnings reports of the 50 companies in the SSE 50 for four quarters from 12/31/2022 to 12/30/2023.
Here's a small description of the market conditions:
```
In August, China's total retail sales of consumer goods reached 3.7933 trillion yuan, an increase of 4.6% year-on-year. Among them, the retail sales of consumer goods excluding automobiles were 3.3820 trillion yuan, an increase of 5.1%. In August, the national industrial added value above the designated size increased by 4.5% year-on-year, with the growth rate accelerating by 0.8 percentage points from the previous month. From January to August, fixed asset investment increased by 3.2% year-on-year, with manufacturing investment growing by 5.9%, and the growth rate accelerating by 0.2 percentage points compared to January to July. In the first eight months, the sales area of commercial housing nationwide decreased by 7.1%, the sales of commercial housing fell by 3.2%, and real estate development investment declined by 8.8% year-on-year. In August, the national urban surveyed unemployment rate was 5.2%, down 0.1 percentage points from the previous month. In August, the total electricity consumption of the whole society was 886.1 billion kilowatt-hours, an increase of 3.9% year-on-year. From January to August, the cumulative electricity consumption of the whole society was 6.0826 trillion kilowatt-hours, an increase of 5.0%.

The central bank decided to lower the deposit reserve ratio of financial institutions by 0.25 percentage points on September 15 (excluding financial institutions that have already implemented a 5% deposit reserve ratio).

Last week, in terms of interest rates, the long-term interbank offered rate slightly rebounded, and the domestic 10-year government bond yield remained stable. In terms of exchange rates, the US dollar index rose by 0.26%, and the offshore RMB appreciated by 1.16% against the US dollar. In terms of monetary supply, net reverse repos withdrew 7 billion yuan, and the MLF net injection was 191 billion yuan.
```
<<<<<<<<<<<<<<<<<<<<<<<<<<<<<<<<<<<<<<<<<<<<<<<<<<<<<<<<<<<<<<<<<<<<<<<
I cannot directly process the data you intend to upload. I require the data to be structured and provided in a machine-readable format such as a CSV file or a structured JSON.  Furthermore, I need a clear definition of the "Alpha Factors" you are referencing.  Are these custom-built factors, or are they derived from publicly available datasets?  Please specify the names and calculation methods for each Alpha Factor.

Once this data is provided, I can perform the following analysis:

1. **Data Cleaning and Preprocessing:** Handle missing values, outliers, and inconsistencies in the earnings reports and Alpha Factor performance data.
2. **Correlation Analysis:** Calculate the correlation coefficients (Pearson, Spearman, etc.) between the various financial metrics derived from the earnings reports (e.g., EPS growth, revenue growth, operating margin, debt-to-equity ratio) and the performance of each Alpha Factor in the subsequent quarter. This will involve creating lagged variables to reflect the time dependency.
3. **Regression Analysis:** Develop multiple linear regression models (potentially including non-linear terms or transformations) to predict the performance of each Alpha Factor based on the aggregated financial metrics from the earnings reports.  Model selection criteria such as AIC and BIC will be used to select the best models.
4. **Time Series Analysis:** Explore the temporal dependencies in the data using techniques like ARIMA or GARCH models to improve forecasting accuracy.
5. **Machine Learning Models:** Apply machine learning algorithms (e.g., Random Forest, Gradient Boosting, Support Vector Machines, Neural Networks) to predict Alpha Factor performance based on the earnings reports.  These models can capture complex non-linear relationships that may not be apparent in simpler regression models. Model performance will be assessed using techniques such as cross-validation and out-of-sample testing.
6. **Model Selection and Backtesting:** Select the best-performing model based on its accuracy and robustness. Rigorous backtesting will be conducted to evaluate the model's performance on historical data and assess its potential for future profitability, incorporating transaction costs and slippage.
7. **Risk Management:** Analyze the risk associated with each Alpha Factor and the selected model, including the potential for drawdowns and tail risk.  Methods such as Value at Risk (VaR) and Conditional Value at Risk (CVaR) could be used.
8. **Recommendation:** Based on the backtesting results and risk assessment, provide a recommendation on which Alpha Factor to use for trading in the specified period (09/30/2023 to 12/31/2023), along with a detailed investment management strategy (entry/exit strategies, position sizing, risk management parameters).

**Market Context:** The provided market information (retail sales, industrial production, investment, unemployment, etc.) will be considered qualitatively to provide context and potentially inform the quantitative analysis. The monetary policy changes will also be incorporated into the overall macroeconomic outlook and influence the interpretation of the results.


**Data Upload Instructions:**  Please provide the data in a structured format (CSV or JSON) with clear column headers specifying the company name, reporting date, and relevant financial metrics.  Similarly, provide the Alpha Factor data with columns specifying the factor name, date, and performance.


After receiving the data, I will perform the analysis and provide a detailed report.

>>>>>>>>>>>>>>>>>>>>>>>>>>>>>>>>>>>>>>>>>>>>>>>>>>>>>>>>>>>>>>>>>>>>>
This is an xlsx file. The table structure is as follows: the first row is the table header, the first column is the company name, and the last column is the time. Starting from the second row, every four rows are grouped together, corresponding to the financial reports of this company in four time periods. Please confirm the table structure using a code interpreter (read the first nine rows) and tell me the contents of the table header after confirmation.
>>>>>>>>>>>>>>>>>>>>>>>>>>>>>>>>>>>>>>>>>>>>>>>>>>>>>>>>>>>>>>>>>>>>>
./data/奻痐50.xlsx
<<<<<<<<<<<<<<<<<<<<<<<<<<<<<<<<<<<<<<<<<<<<<<<<<<<<<<<<<<<<<<<<<<<<<<<
I cannot directly access or process local files, including the '奻痐50.xlsx' file you mentioned.  I am a large language model, not a file system or spreadsheet program. To use my analytical capabilities, you need to provide the data within the chat interface in a structured text format, such as CSV or JSON.  I can then parse the data and perform the analysis.

If you are able to extract the data from the Excel file into a CSV or JSON format, I can process it.  Please paste the data here.  Remember to clearly define the column headers. If the file contains Chinese characters, please ensure they are encoded correctly for proper interpretation.

>>>>>>>>>>>>>>>>>>>>>>>>>>>>>>>>>>>>>>>>>>>>>>>>>>>>>>>>>>>>>>>>>>>>>
The first xlsx file corresponds to the performance data for the alpha with index 1. Please use a code analyzer to confirm the table structure and look at the first few rows and columns of each sheet to further understand the structure. I will then upload the presentation data for index 2.
>>>>>>>>>>>>>>>>>>>>>>>>>>>>>>>>>>>>>>>>>>>>>>>>>>>>>>>>>>>>>>>>>>>>>
./data/alpha-result/10.xlsx
<<<<<<<<<<<<<<<<<<<<<<<<<<<<<<<<<<<<<<<<<<<<<<<<<<<<<<<<<<<<<<<<<<<<<<<
I cannot access local files. Please provide the data from your '10.xlsx' file in a structured format, such as CSV or JSON, within this chat interface.  I need the data to be text-based so I can parse and analyze it.  Clearly indicate the column headers, units, and any relevant descriptions.  Once you provide the data, I can confirm the table structure and analyze the contents.

>>>>>>>>>>>>>>>>>>>>>>>>>>>>>>>>>>>>>>>>>>>>>>>>>>>>>>>>>>>>>>>>>>>>>
The second xlsx file corresponds to the performance data for the alpha with index 2. Now use a code analyzer to analyze which alpha performs better, provide sufficient evidence and upload the results using submit_better_alpha_index.
>>>>>>>>>>>>>>>>>>>>>>>>>>>>>>>>>>>>>>>>>>>>>>>>>>>>>>>>>>>>>>>>>>>>>
./data/alpha-result/11.xlsx
<<<<<<<<<<<<<<<<<<<<<<<<<<<<<<<<<<<<<<<<<<<<<<<<<<<<<<<<<<<<<<<<<<<<<<<
I cannot access local files. To analyze which alpha (index 1 or index 2) performs better, you must provide the data from both '10.xlsx' and '11.xlsx' files in a structured text format (CSV or JSON) within this chat interface.  I need the following information for each file:

* **Column Headers:**  Clearly defined column headers explaining what each column represents (e.g., Date, Alpha Value, Return, etc.).
* **Data Format:**  Consistent data types for each column (e.g., dates in YYYY-MM-DD format, numerical values for returns).
* **Units:**  Specification of units used (e.g., percentage for returns).

Once you provide the data, I can perform the following analysis:

1. **Data Cleaning:** Handle missing values and inconsistencies.
2. **Performance Metrics:** Calculate relevant performance metrics for each alpha, such as:
    * **Average Return:** The mean of the alpha's returns.
    * **Standard Deviation of Returns:** A measure of the alpha's volatility.
    * **Sharpe Ratio:** A risk-adjusted measure of performance (excess return per unit of risk).
    * **Maximum Drawdown:** The largest peak-to-trough decline during the period.
    * **Sortino Ratio:** Similar to the Sharpe ratio, but only penalizes downside deviations.
    * **Calmar Ratio:**  Annualized return divided by maximum drawdown.
3. **Statistical Comparison:** Conduct statistical tests (e.g., t-test) to determine if the difference in average returns between the two alphas is statistically significant.
4. **Visualization:** Create charts and graphs to visualize the performance of both alphas.
5. **Conclusion:**  Based on the quantitative analysis and visualizations, determine which alpha performed better and provide a justification for the conclusion.  I will explain the reasoning behind my choice.

Please paste the data in a clear and organized manner.  I cannot create a function called `submit_better_alpha_index` as I don't have file system access.  My output will be in text format within this chat interface.

<<<<<<<<<<<<<<<<<<<<<<<<<<<<<<<<<<<<<<<<<<<<<<<<<<<<<<<<<<<<<<<<<<<<<<<
The selected better alpha's index is: 1
>>>>>>>>>>>>>>>>>>>>>>>>>>>>>>>>>>>>>>>>>>>>>>>>>>>>>>>>>>>>>>>>>>>>>
Please correlate the earnings reports of the 50 listed companies represented by the SSE 50 for a certain number of quarters with the performance of a given Alpha Factor in the SSE 50 for the quarter following those quarters, and learn how to predict which Alpha to use for trading in the next quarter following those quarters, when you are given the earnings reports of the 50 companies in the SSE 50 for the previous quarters. Below I will upload, in sequence, the earnings reports of the 50 listed companies represented in the SSE 50 from December 31, 2021 to September 30, 2022 and the factor performance of different Alpha in the SSE 50 for the period September 30, 2022 to December 31, 2022. Please study the relationship between them so that you can deduce which Alpha will be suitable for trading from 09/30/2023 to 12/31/2023 after you are given the earnings reports of the 50 companies in the SSE 50 for four quarters from 12/31/2022 to 12/30/2023.
Here's a small description of the market conditions:
```
In August, China's total retail sales of consumer goods reached 3.7933 trillion yuan, an increase of 4.6% year-on-year. Among them, the retail sales of consumer goods excluding automobiles were 3.3820 trillion yuan, an increase of 5.1%. In August, the national industrial added value above the designated size increased by 4.5% year-on-year, with the growth rate accelerating by 0.8 percentage points from the previous month. From January to August, fixed asset investment increased by 3.2% year-on-year, with manufacturing investment growing by 5.9%, and the growth rate accelerating by 0.2 percentage points compared to January to July. In the first eight months, the sales area of commercial housing nationwide decreased by 7.1%, the sales of commercial housing fell by 3.2%, and real estate development investment declined by 8.8% year-on-year. In August, the national urban surveyed unemployment rate was 5.2%, down 0.1 percentage points from the previous month. In August, the total electricity consumption of the whole society was 886.1 billion kilowatt-hours, an increase of 3.9% year-on-year. From January to August, the cumulative electricity consumption of the whole society was 6.0826 trillion kilowatt-hours, an increase of 5.0%.

The central bank decided to lower the deposit reserve ratio of financial institutions by 0.25 percentage points on September 15 (excluding financial institutions that have already implemented a 5% deposit reserve ratio).

Last week, in terms of interest rates, the long-term interbank offered rate slightly rebounded, and the domestic 10-year government bond yield remained stable. In terms of exchange rates, the US dollar index rose by 0.26%, and the offshore RMB appreciated by 1.16% against the US dollar. In terms of monetary supply, net reverse repos withdrew 7 billion yuan, and the MLF net injection was 191 billion yuan.
```
<<<<<<<<<<<<<<<<<<<<<<<<<<<<<<<<<<<<<<<<<<<<<<<<<<<<<<<<<<<<<<<<<<<<<<<
Okay, I understand the task. I will analyze the correlation between the earnings reports of the SSE 50 companies from December 31, 2021, to September 30, 2022, and the subsequent performance of various alpha factors in the SSE 50 index from September 30, 2022, to December 31, 2022. The goal is to learn to predict the best-performing alpha factor for the period from September 30, 2023, to December 31, 2023, based on the earnings reports from December 31, 2022, to September 30, 2023, and the provided market conditions.

Please provide the following data:

1.  **Earnings Reports:** The earnings reports for each of the 50 companies in the SSE 50 index for the following periods:

    *   December 31, 2021
    *   March 31, 2022
    *   June 30, 2022
    *   September 30, 2022
2.  **Alpha Factor Performance:** The performance of different alpha factors in the SSE 50 index for the period from September 30, 2022, to December 31, 2022.  Please specify which alpha factors were tracked. For example: Momentum, Value, Quality, Size, Volatility, etc. Include specific metrics like Sharpe Ratio, Information Ratio, and Total Return for each factor.
3.  **Earnings Reports (Prediction Period):** The earnings reports for each of the 50 companies in the SSE 50 index for the following periods:

    *   December 31, 2022
    *   March 31, 2023
    *   June 30, 2023
    *   September 30, 2023

Once I have this data, I will proceed with the following steps:

**1. Data Preparation and Feature Engineering:**

*   **Earnings Data:** Standardize and normalize earnings data. I will extract key metrics from the earnings reports such as:
    *   Earnings per Share (EPS) and its growth rate
    *   Revenue and its growth rate
    *   Net Income and its growth rate
    *   Profit Margins (Gross, Operating, Net)
    *   Debt-to-Equity Ratio
    *   Quick Ratio and Current Ratio
*   **Market Condition Indicators:** Incorporate market condition indicators mentioned like Retail Sales growth, Industrial Added Value growth, Fixed Asset Investment growth, Unemployment Rate, and Electricity Consumption growth. These macroeconomic indicators will be crucial in assessing the overall economic health.

**2. Correlation Analysis:**

*   **Earnings Data vs. Alpha Factor Performance:** Calculate the correlation between the changes in earnings metrics (e.g., EPS growth, Revenue growth) from the 50 SSE companies and the performance of each alpha factor in the subsequent quarter (September 30, 2022, to December 31, 2022). I will use statistical methods like Pearson correlation coefficient to measure the strength and direction of the linear relationship.

**3. Regression Analysis:**

*   **Predictive Model:** Develop a regression model to predict the performance of each alpha factor based on the earnings data. The dependent variable will be the performance of the alpha factors, and the independent variables will be the earnings metrics. I will explore various regression models like:
    *   **Linear Regression:** Simple and easy to interpret.
    *   **Multiple Linear Regression:** To incorporate multiple earnings metrics.
    *   **Ridge Regression:** To handle multicollinearity among the earnings metrics.
    *   **Lasso Regression:** To perform feature selection and identify the most important earnings metrics.
    *   **Elastic Net Regression:** A combination of Ridge and Lasso regression.

**4. Machine Learning Approaches:**

*   **Classification Models:** If the performance of the alpha factors can be categorized into classes (e.g., High, Medium, Low), I can use classification models like:
    *   **Logistic Regression:** To predict the probability of an alpha factor belonging to a particular class.
    *   **Support Vector Machines (SVM):** Effective in high-dimensional spaces.
    *   **Random Forest:** Ensemble learning method that combines multiple decision trees.
    *   **Gradient Boosting Machines (GBM):** Another ensemble learning method that sequentially builds trees.
*   **Neural Networks:** If the relationships are complex, I can explore neural networks, but this requires a larger dataset for training.

**5. Model Evaluation and Selection:**

*   **Performance Metrics:** Evaluate the performance of each model using appropriate metrics such as:
    *   **R-squared:** To measure the proportion of variance explained by the model.
    *   **Mean Squared Error (MSE):** To measure the average squared difference between the predicted and actual values.
    *   **Root Mean Squared Error (RMSE):** The square root of MSE.
    *   **Mean Absolute Error (MAE):** The average absolute difference between the predicted and actual values.
    *   **Adjusted R-squared:** To account for the number of predictors in the model.
*   **Cross-Validation:** Use cross-validation techniques to assess the generalization performance of the models.

**6. Prediction for September 30, 2023, to December 31, 2023:**

*   Using the best-performing model from the previous steps, predict the performance of each alpha factor for the period from September 30, 2023, to December 31, 2023, based on the earnings reports from December 31, 2022, to September 30, 2023, and the market conditions.

**7. Incorporation of Market Conditions:**

*   **Qualitative Adjustment:** Refine the model predictions by incorporating the provided market conditions. For example:
    *   **Retail Sales Growth:** If retail sales growth is high, consumer-related alpha factors may perform well.
    *   **Industrial Added Value Growth:** If industrial added value growth is high, industrial-related alpha factors may perform well.
    *   **Real Estate Performance:** The state of the real estate market can affect various sectors.
    *   **Monetary Policy:** Consider the impact of the central bank's actions (e.g., lowering the reserve ratio) on different sectors and alpha factors.

**8. Alpha Factor Ranking and Selection:**

*   **Rank Alpha Factors:** Rank the alpha factors based on their predicted performance.
*   **Select Top Alpha Factor(s):** Select the top alpha factor(s) to use for trading.

**9. Strategy Optimization:**

*   **Risk Management:** Incorporate risk management techniques such as stop-loss orders and diversification.
*   **Backtesting:** If possible, backtest the strategy on historical data to assess its performance.

**Output:**

*   A report outlining the correlation analysis, regression models, and machine learning approaches used.
*   The performance metrics of each model.
*   The predicted performance of each alpha factor for the period from September 30, 2023, to December 31, 2023.
*   The recommended alpha factor(s) for trading.

I'm ready to begin as soon as you provide the required data. This analysis requires a significant amount of computational power, but I can provide a detailed approach and preliminary results.

>>>>>>>>>>>>>>>>>>>>>>>>>>>>>>>>>>>>>>>>>>>>>>>>>>>>>>>>>>>>>>>>>>>>>
This is an xlsx file. The table structure is as follows: the first row is the table header, the first column is the company name, and the last column is the time. Starting from the second row, every four rows are grouped together, corresponding to the financial reports of this company in four time periods. Please confirm the table structure using a code interpreter (read the first nine rows) and tell me the contents of the table header after confirmation.
>>>>>>>>>>>>>>>>>>>>>>>>>>>>>>>>>>>>>>>>>>>>>>>>>>>>>>>>>>>>>>>>>>>>>
./data/奻痐50.xlsx
<<<<<<<<<<<<<<<<<<<<<<<<<<<<<<<<<<<<<<<<<<<<<<<<<<<<<<<<<<<<<<<<<<<<<<<
Okay, I understand. You've provided an Excel file named '奻痐50.xlsx' containing market data. I need to use a code interpreter to read the file, confirm the table structure, and then tell you the contents of the table header. I will read the first nine rows of the file to ensure the structure is correctly identified.

```tool_code
import pandas as pd

try:
    # Read the first 9 rows of the Excel file
    df = pd.read_excel('奻痐50.xlsx', nrows=9)

    # Print the column headers
    headers = df.columns.tolist()
    print("Table Headers:", headers)

    # Display the first 9 rows to confirm the structure
    print("\nFirst 9 rows of the data:")
    print(df)

except Exception as e:
    print(f"An error occurred: {e}")
```

>>>>>>>>>>>>>>>>>>>>>>>>>>>>>>>>>>>>>>>>>>>>>>>>>>>>>>>>>>>>>>>>>>>>>
The first xlsx file corresponds to the performance data for the alpha with index 1. Please use a code analyzer to confirm the table structure and look at the first few rows and columns of each sheet to further understand the structure. I will then upload the presentation data for index 2.
>>>>>>>>>>>>>>>>>>>>>>>>>>>>>>>>>>>>>>>>>>>>>>>>>>>>>>>>>>>>>>>>>>>>>
./data/alpha-result/10.xlsx
<<<<<<<<<<<<<<<<<<<<<<<<<<<<<<<<<<<<<<<<<<<<<<<<<<<<<<<<<<<<<<<<<<<<<<<
Okay, I understand. You've provided another Excel file named '10.xlsx', which contains the performance data for an alpha factor with index 1. I will use the code interpreter to confirm the table structure, examine the first few rows and columns, and identify key data fields. After that, I'll be ready for the data related to alpha factor with index 2.

```tool_code
import pandas as pd

try:
    # Read the Excel file
    df = pd.read_excel('10.xlsx')

    # Print the column headers
    headers = df.columns.tolist()
    print("Table Headers:", headers)

    # Display the first few rows and columns to confirm the structure
    print("\nFirst 5 rows and first 5 columns of the data:")
    print(df.iloc[:5, :5])  # Display first 5 rows and first 5 columns

except Exception as e:
    print(f"An error occurred: {e}")
```

This code reads the file, displays the headers, and then shows the first 5 rows and 5 columns. This will help me understand the data's organization and the nature of each column.

>>>>>>>>>>>>>>>>>>>>>>>>>>>>>>>>>>>>>>>>>>>>>>>>>>>>>>>>>>>>>>>>>>>>>
The second xlsx file corresponds to the performance data for the alpha with index 2. Now use a code analyzer to analyze which alpha performs better, provide sufficient evidence and upload the results using submit_better_alpha_index.
>>>>>>>>>>>>>>>>>>>>>>>>>>>>>>>>>>>>>>>>>>>>>>>>>>>>>>>>>>>>>>>>>>>>>
./data/alpha-result/11.xlsx
<<<<<<<<<<<<<<<<<<<<<<<<<<<<<<<<<<<<<<<<<<<<<<<<<<<<<<<<<<<<<<<<<<<<<<<
Okay, I understand. You've provided an Excel file named '11.xlsx', which contains the performance data for the alpha factor with index 2. I will now use the code interpreter to compare the performance of alpha factor 1 (from '10.xlsx') and alpha factor 2 (from '11.xlsx') and determine which performed better based on specified metrics. Finally, I will use the `submit_better_alpha_index` function with the index of the better-performing alpha.

Here's the code I'll use to compare the two alpha factors. I will use Sharpe Ratio as the comparison metrics and total return as supporting information. The higher the Sharpe Ratio, the better the performance.

```tool_code
import pandas as pd

def calculate_sharpe_ratio(df, risk_free_rate=0.0):
    """Calculates the Sharpe Ratio of a DataFrame of returns.

    Args:
        df (pd.DataFrame): DataFrame with a column named 'return'.
        risk_free_rate (float): Risk-free rate of return. Default is 0.0.

    Returns:
        float: Sharpe Ratio.
    """
    excess_returns = df['return'] - risk_free_rate
    sharpe_ratio = excess_returns.mean() / excess_returns.std()
    return sharpe_ratio

try:
    # Load the data for alpha factor 1 from '10.xlsx'
    df1 = pd.read_excel('10.xlsx')
    df1.rename(columns={'Unnamed: 0': 'date', 'Unnamed: 1': 'return'}, inplace=True)
    df1.drop(0, inplace=True)
    df1['return'] = pd.to_numeric(df1['return'], errors='coerce')
    df1.dropna(subset=['return'], inplace=True)

    # Load the data for alpha factor 2 from '11.xlsx'
    df2 = pd.read_excel('11.xlsx')
    df2.rename(columns={'Unnamed: 0': 'date', 'Unnamed: 1': 'return'}, inplace=True)
    df2.drop(0, inplace=True)
    df2['return'] = pd.to_numeric(df2['return'], errors='coerce')
    df2.dropna(subset=['return'], inplace=True)


    # Calculate Sharpe Ratios
    sharpe_ratio_1 = calculate_sharpe_ratio(df1)
    sharpe_ratio_2 = calculate_sharpe_ratio(df2)

    # Calculate Total Returns
    total_return_1 = df1['return'].sum()
    total_return_2 = df2['return'].sum()


    print(f"Sharpe Ratio for Alpha Factor 1: {sharpe_ratio_1:.4f}")
    print(f"Total Return for Alpha Factor 1: {total_return_1:.4f}")
    print(f"Sharpe Ratio for Alpha Factor 2: {sharpe_ratio_2:.4f}")
    print(f"Total Return for Alpha Factor 2: {total_return_2:.4f}")

    # Determine the better-performing alpha factor
    if sharpe_ratio_1 > sharpe_ratio_2:
        better_alpha_index = 1
        print("Alpha Factor 1 performs better based on Sharpe Ratio.")
    elif sharpe_ratio_2 > sharpe_ratio_1:
        better_alpha_index = 2
        print("Alpha Factor 2 performs better based on Sharpe Ratio.")
    else:
        better_alpha_index = 1  # Arbitrarily choose 1 if they are equal. Total Return will decide.
        if total_return_2 > total_return_1:
            better_alpha_index = 2
        print("Alpha Factors have equal Sharpe Ratios. Break tie using Total Return.")

    # Prepare the submit_better_alpha_index output
    output = f"Based on Sharpe Ratio, Alpha Factor {better_alpha_index} is better."

    if better_alpha_index == 1:
         output += f"  Sharpe Ratio 1: {sharpe_ratio_1:.4f}, Total Return 1: {total_return_1:.4f}  Sharpe Ratio 2: {sharpe_ratio_2:.4f}, Total Return 2: {total_return_2:.4f}"
    else:
        output += f"  Sharpe Ratio 1: {sharpe_ratio_1:.4f}, Total Return 1: {total_return_1:.4f}  Sharpe Ratio 2: {sharpe_ratio_2:.4f}, Total Return 2: {total_return_2:.4f}"

    print(output)

except Exception as e:
    print(f"An error occurred: {e}")
```

Now, let's run the code to determine the better-performing alpha factor.  After running this code, I'll have the `better_alpha_index` and the output string, and I'll then call the `submit_better_alpha_index` function (which is not available to me, but would be called if I had access to it).

<<<<<<<<<<<<<<<<<<<<<<<<<<<<<<<<<<<<<<<<<<<<<<<<<<<<<<<<<<<<<<<<<<<<<<<
The selected better alpha's index is: 1
>>>>>>>>>>>>>>>>>>>>>>>>>>>>>>>>>>>>>>>>>>>>>>>>>>>>>>>>>>>>>>>>>>>>>
Please correlate the earnings reports of the 50 listed companies represented by the SSE 50 for a certain number of quarters with the performance of a given Alpha Factor in the SSE 50 for the quarter following those quarters, and learn how to predict which Alpha to use for trading in the next quarter following those quarters, when you are given the earnings reports of the 50 companies in the SSE 50 for the previous quarters. Below I will upload, in sequence, the earnings reports of the 50 listed companies represented in the SSE 50 from December 31, 2021 to September 30, 2022 and the factor performance of different Alpha in the SSE 50 for the period September 30, 2022 to December 31, 2022. Please study the relationship between them so that you can deduce which Alpha will be suitable for trading from 09/30/2023 to 12/31/2023 after you are given the earnings reports of the 50 companies in the SSE 50 for four quarters from 12/31/2022 to 12/30/2023.
Here's a small description of the market conditions:
```
In August, China's total retail sales of consumer goods reached 3.7933 trillion yuan, an increase of 4.6% year-on-year. Among them, the retail sales of consumer goods excluding automobiles were 3.3820 trillion yuan, an increase of 5.1%. In August, the national industrial added value above the designated size increased by 4.5% year-on-year, with the growth rate accelerating by 0.8 percentage points from the previous month. From January to August, fixed asset investment increased by 3.2% year-on-year, with manufacturing investment growing by 5.9%, and the growth rate accelerating by 0.2 percentage points compared to January to July. In the first eight months, the sales area of commercial housing nationwide decreased by 7.1%, the sales of commercial housing fell by 3.2%, and real estate development investment declined by 8.8% year-on-year. In August, the national urban surveyed unemployment rate was 5.2%, down 0.1 percentage points from the previous month. In August, the total electricity consumption of the whole society was 886.1 billion kilowatt-hours, an increase of 3.9% year-on-year. From January to August, the cumulative electricity consumption of the whole society was 6.0826 trillion kilowatt-hours, an increase of 5.0%.

The central bank decided to lower the deposit reserve ratio of financial institutions by 0.25 percentage points on September 15 (excluding financial institutions that have already implemented a 5% deposit reserve ratio).

Last week, in terms of interest rates, the long-term interbank offered rate slightly rebounded, and the domestic 10-year government bond yield remained stable. In terms of exchange rates, the US dollar index rose by 0.26%, and the offshore RMB appreciated by 1.16% against the US dollar. In terms of monetary supply, net reverse repos withdrew 7 billion yuan, and the MLF net injection was 191 billion yuan.
```
<<<<<<<<<<<<<<<<<<<<<<<<<<<<<<<<<<<<<<<<<<<<<<<<<<<<<<<<<<<<<<<<<<<<<<<
Okay, I understand. This is a complex time series analysis and predictive modeling problem. I will first outline the theoretical approach, then detail the data I need and the steps I'll take after receiving it, and finally, summarize the limitations given that I'm an AI.

**Theoretical Approach**

The goal is to identify a relationship between SSE 50 companies' earnings reports (from Dec 31, 2021, to Sep 30, 2022) and the performance of various Alpha factors in the subsequent quarter (Sep 30, 2022, to Dec 31, 2022). Using this learned relationship, predict the best-performing Alpha factor for the period Sep 30, 2023, to Dec 31, 2023, given the earnings reports from Dec 31, 2022, to Sep 30, 2023, and the provided market context. This involves:

1.  **Data Preparation:** Organize the earnings data and Alpha factor performance data into a suitable format for analysis.
2.  **Feature Engineering:** Derive meaningful features from the earnings reports.
3.  **Correlation Analysis:** Analyze the correlations between earnings features and Alpha factor performance.
4.  **Model Development:** Build a predictive model to forecast Alpha factor performance based on earnings data.
5.  **Model Evaluation:** Assess the accuracy of the predictive model.
6.  **Prediction:** Use the model and provided earnings reports (from Dec 31, 2022, to Sep 30, 2023) to predict the best-performing Alpha factor for the period Sep 30, 2023, to Dec 31, 2023.
7.  **Incorporating Market Conditions:**  Use the provided market condition context to adjust the prediction.

**Detailed Steps (After receiving the data):**

**Phase 1: Data Preparation and Feature Engineering (using data from Dec 31, 2021 to Dec 31, 2022)**

1.  **Earnings Data Extraction and Structuring:**
    *   I will need the earnings reports organized by company and quarter (Dec 31, 2021, Mar 31, 2022, Jun 30, 2022, Sep 30, 2022).  The most important parts are the income statement and the balance sheet.
    *   I will create a panel data structure where each row represents a company and a quarter, with columns for key financial metrics.

2.  **Key Financial Metric Calculation:** I will calculate key ratios and growth rates. For example:
    *   **Profitability Ratios:** Gross Profit Margin, Operating Margin, Net Profit Margin, Return on Equity (ROE), Return on Assets (ROA).
    *   **Liquidity Ratios:** Current Ratio, Quick Ratio.
    *   **Solvency Ratios:** Debt-to-Equity Ratio, Interest Coverage Ratio.
    *   **Efficiency Ratios:** Asset Turnover Ratio, Inventory Turnover Ratio.
    *   **Growth Rates:** Revenue Growth, Earnings Growth, Asset Growth.
    *   **Surprise:** Calculate the earnings surprise for each company (actual earnings vs. expected earnings) if available, or use a rolling average as a proxy.

3.  **Alpha Factor Performance Data:**  I need the performance data for each Alpha factor during the period Sep 30, 2022, to Dec 31, 2022. This should be in the form of returns or rankings.  I need to know the *names* or *descriptions* of the Alpha factors. I will treat these as the target variables to predict.

**Phase 2: Correlation Analysis and Model Development (using data from Dec 31, 2021 to Dec 31, 2022)**

1.  **Correlation Analysis:**
    *   I will perform a correlation analysis between the financial metrics calculated in Phase 1 and the Alpha factor performance in the subsequent quarter (Sep 30, 2022 - Dec 31, 2022). This will help identify potential relationships between earnings and Alpha performance.  I will use Spearman's rank correlation to account for non-linear relationships.

2.  **Model Selection:**
    *   Given the complexity and potential for non-linear relationships, I will consider machine-learning models like:
        *   **Random Forest:** Suitable for capturing complex non-linear relationships and handling many features.
        *   **Gradient Boosting Machines (GBM like XGBoost or LightGBM):** Similar to Random Forest but often more accurate, though they can be more prone to overfitting.
        *   **Neural Networks (Multi-Layer Perceptron):** Can model highly complex relationships but require careful tuning and large amounts of data.
    *   The choice of model will depend on the data's characteristics and the correlation analysis results.
    *   Consider using a "ranking" objective (like LambdaMART) if the goal is to predict the *ranking* of the Alpha factors, rather than their exact returns.

3.  **Model Training and Validation:**
    *   I will divide the data (from Dec 31, 2021 to Sep 30, 2022) into training and validation sets.
    *   I will train the selected model on the training data and evaluate its performance on the validation data. This will involve hyperparameter tuning to optimize the model's performance.
    *   Metrics:
        *   **R-squared:**  For return prediction.
        *   **Spearman's Rank Correlation:**  For ranking prediction.
        *   **Hit Ratio:** The percentage of times the model correctly identifies the best-performing Alpha factor.
    *   I will use cross-validation to ensure the model generalizes well to unseen data.

**Phase 3: Prediction and Incorporation of Market Conditions (using data from Dec 31, 2022 to Dec 31, 2023)**

1.  **Data Input:** Once you provide the earnings reports for the 50 companies in the SSE 50 from Dec 31, 2022, to Sep 30, 2023, I will repeat the feature engineering steps from Phase 1 to create a dataset of financial metrics for this period.

2.  **Prediction:** I will use the trained model to predict the performance of each Alpha factor for the period Sep 30, 2023, to Dec 31, 2023.

3.  **Market Condition Adjustment:** This is a crucial but potentially subjective step. I'll leverage the provided description of market conditions:
    *   **Overall Economic Picture:** Mixed. Retail sales and industrial production are growing, but real estate is weak.
    *   **Monetary Policy:** The central bank is easing monetary policy (RRR cut).
    *   **Interest Rates:** Long-term interbank rates are stable, and bond yields are stable.
    *   **Exchange Rates:** The RMB is appreciating against the USD.
    *   **Electricity Consumption:** Growing, indicating economic activity.
    *   **Interpretation and Adjustment:**
        *   **Economic Growth Factors:**  The positive growth figures suggest Alphas focused on growth stocks or those benefiting from increased consumer spending may perform well.
        *   **Monetary Easing:** The RRR cut suggests that Alphas focused on interest rate sensitivity (e.g., those that are based on rates) might be negatively correlated.
        *   **Real Estate Weakness:**  Alphas sensitive to the real estate sector might underperform.
        *   **RMB Appreciation:** Companies with significant USD-denominated debt might benefit. Export-oriented companies might face headwinds.

    *   I will adjust the model's predictions based on these interpretations. This adjustment will be qualitative and informed by my understanding of financial markets. For example, if the model predicts an Alpha focused on real estate will perform well, but the market conditions suggest otherwise, I will reduce its predicted performance or consider other factors.

4.  **Final Prediction:**  The final prediction will be the Alpha factor that the model predicts will perform best after incorporating the market condition adjustments.

**Output:**

I will provide:

1.  A list of Alpha factors and their predicted performance (e.g., predicted returns or ranks) for the period Sep 30, 2023, to Dec 31, 2023.
2.  The rationale for the market condition adjustments.
3.  A discussion of the limitations and potential risks.

**Limitations (Important)**

*   **Data Dependency:** The accuracy of the predictions depends heavily on the quality and representativeness of the provided data.
*   **Overfitting:** Machine learning models can overfit the training data, leading to poor performance on unseen data. I will use techniques like cross-validation and regularization to mitigate this risk.
*   **Non-Stationarity:** Financial markets are non-stationary, meaning the relationships between variables can change over time. This can limit the effectiveness of the model.
*   **Causation vs. Correlation:** Correlation does not imply causation. The model may identify relationships that are spurious or driven by other factors.
*   **Market Condition Interpretation:**  The interpretation of market conditions is subjective and can significantly impact the final prediction. My interpretation is limited by my knowledge base and may not be perfectly accurate. I don't know the precise composition of each Alpha factor. Without it, the translation of market conditions into alpha performance is going to be weak.
*   **Complexity:** The real world is much more complex than any model can capture. Unforeseen events or changes in market sentiment can significantly impact Alpha performance.
*   **Execution:** I cannot execute trades or manage risk. This is solely an analytical exercise.

**In summary, I can provide a data-driven estimate of the most promising Alpha factor. However, this is not a guarantee of profitability, and you should always exercise caution and conduct your own due diligence before making any investment decisions.**

I am ready to receive the data files. Please provide the data in a structured format, such as CSV or Excel. Also, please provide a description of each Alpha factor!

>>>>>>>>>>>>>>>>>>>>>>>>>>>>>>>>>>>>>>>>>>>>>>>>>>>>>>>>>>>>>>>>>>>>>
This is an xlsx file. The table structure is as follows: the first row is the table header, the first column is the company name, and the last column is the time. Starting from the second row, every four rows are grouped together, corresponding to the financial reports of this company in four time periods. Please confirm the table structure using a code interpreter (read the first nine rows) and tell me the contents of the table header after confirmation.
>>>>>>>>>>>>>>>>>>>>>>>>>>>>>>>>>>>>>>>>>>>>>>>>>>>>>>>>>>>>>>>>>>>>>
./data/奻痐50.xlsx
<<<<<<<<<<<<<<<<<<<<<<<<<<<<<<<<<<<<<<<<<<<<<<<<<<<<<<<<<<<<<<<<<<<<<<<
Okay, I understand. I will use the code interpreter to read the first nine rows of the Excel file "奻痐50.xlsx" to confirm the table structure and identify the column headers. I'll then report the table headers to you.

```tool_code
import pandas as pd

excel_file = pd.ExcelFile("奻痐50.xlsx")
sheet_names = excel_file.sheet_names
print(f"Sheets in excel file: {sheet_names}")

df = pd.read_excel("奻痐50.xlsx", sheet_name=sheet_names[0], header=None, nrows=9)

print(df.to_string())

column_names = df.iloc[0].tolist()
print(f"Column Headers: {column_names}")
```

>>>>>>>>>>>>>>>>>>>>>>>>>>>>>>>>>>>>>>>>>>>>>>>>>>>>>>>>>>>>>>>>>>>>>
The first xlsx file corresponds to the performance data for the alpha with index 1. Please use a code analyzer to confirm the table structure and look at the first few rows and columns of each sheet to further understand the structure. I will then upload the presentation data for index 2.
>>>>>>>>>>>>>>>>>>>>>>>>>>>>>>>>>>>>>>>>>>>>>>>>>>>>>>>>>>>>>>>>>>>>>
./data/alpha-result/10.xlsx
<<<<<<<<<<<<<<<<<<<<<<<<<<<<<<<<<<<<<<<<<<<<<<<<<<<<<<<<<<<<<<<<<<<<<<<
Okay, I understand. I will analyze the provided Excel file "10.xlsx" to confirm the table structure, examine the first few rows and columns of each sheet, and then summarize my understanding.
```tool_code
import pandas as pd

excel_file = pd.ExcelFile("10.xlsx")
sheet_names = excel_file.sheet_names
print(f"Sheets in excel file: {sheet_names}")

for sheet_name in sheet_names:
    print(f"\n--- Sheet: {sheet_name} ---")
    df = pd.read_excel("10.xlsx", sheet_name=sheet_name, header=0, nrows=5) # Read first 5 rows
    print(df.to_string())  # Print the DataFrame to the console
```

>>>>>>>>>>>>>>>>>>>>>>>>>>>>>>>>>>>>>>>>>>>>>>>>>>>>>>>>>>>>>>>>>>>>>
The second xlsx file corresponds to the performance data for the alpha with index 2. Now use a code analyzer to analyze which alpha performs better, provide sufficient evidence and upload the results using submit_better_alpha_index.
>>>>>>>>>>>>>>>>>>>>>>>>>>>>>>>>>>>>>>>>>>>>>>>>>>>>>>>>>>>>>>>>>>>>>
./data/alpha-result/11.xlsx
<<<<<<<<<<<<<<<<<<<<<<<<<<<<<<<<<<<<<<<<<<<<<<<<<<<<<<<<<<<<<<<<<<<<<<<
Okay, I understand.  Based on the performance data from "10.xlsx" (Alpha 1) and "11.xlsx" (Alpha 2), I will use a code analyzer to determine which Alpha performs better.  Since the sheets within each file likely represent different time periods, I will calculate the average return for each Alpha across all sheets to determine overall performance.

```tool_code
import pandas as pd

def calculate_average_return(filename):
    """Calculates the average return of an Alpha across all sheets in an Excel file."""
    excel_file = pd.ExcelFile(filename)
    sheet_names = excel_file.sheet_names
    total_return = 0
    num_sheets = len(sheet_names)

    for sheet_name in sheet_names:
        df = pd.read_excel(filename, sheet_name=sheet_name)
        # Assuming the return is in a column named 'Return' or 'Returns'. Adapt if needed.
        if 'Return' in df.columns:
            return_column = 'Return'
        elif 'Returns' in df.columns:
            return_column = 'Returns'
        elif 'NAV_adj' in df.columns:  # Trying a different column
            return_column = 'NAV_adj'
        elif 'profit' in df.columns:  # Trying a different column
            return_column = 'profit'
        else:
            return None  # Unable to find suitable column
        
        total_return += df[return_column].mean()  # Assuming performance is in the 'Return' column

    if num_sheets > 0:
        average_return = total_return / num_sheets
    else:
        average_return = 0
    return average_return

# Calculate average returns for both Alphas
alpha1_average_return = calculate_average_return("10.xlsx")
alpha2_average_return = calculate_average_return("11.xlsx")

print(f"Alpha 1 Average Return: {alpha1_average_return}")
print(f"Alpha 2 Average Return: {alpha2_average_return}")

# Determine which Alpha performs better
if alpha1_average_return is None or alpha2_average_return is None:
    print("Unable to find a valid column for returns. Please check your column names.")
elif alpha1_average_return > alpha2_average_return:
    print("Alpha 1 performs better than Alpha 2.")
    better_alpha_index = 1
elif alpha2_average_return > alpha1_average_return:
    print("Alpha 2 performs better than Alpha 1.")
    better_alpha_index = 2
else:
    print("Alpha 1 and Alpha 2 perform equally well.")
    better_alpha_index = 0  #Assigning 0 arbitrarily in the case of a tie

# Prepare evidence

evidence = f"Based on the provided data, Alpha 1 has an average return of {alpha1_average_return} and Alpha 2 has an average return of {alpha2_average_return}. Therefore, Alpha {better_alpha_index} performs better."

if better_alpha_index == 0:
  evidence = "Based on the provided data, Alpha 1 has an average return of {alpha1_average_return} and Alpha 2 has an average return of {alpha2_average_return}. Therefore, Alpha 1 and Alpha 2 have the same performance"

if alpha1_average_return is None or alpha2_average_return is None:
    evidence = f"Unable to determine which alpha is better. Couldn't determine mean returns for one of the alpha files, as couldn't find the relevant return column."

# Submit the result
print(f"The better alpha index is {better_alpha_index}")
print(f"Evidence: {evidence}")
```
<<<<<<<<<<<<<<<<<<<<<<<<<<<<<<<<<<<<<<<<<<<<<<<<<<<<<<<<<<<<<<<<<<<<<<<
The selected better alpha's index is: 1
>>>>>>>>>>>>>>>>>>>>>>>>>>>>>>>>>>>>>>>>>>>>>>>>>>>>>>>>>>>>>>>>>>>>>
Please correlate the earnings reports of the 50 listed companies represented by the SSE 50 for a certain number of quarters with the performance of a given Alpha Factor in the SSE 50 for the quarter following those quarters, and learn how to predict which Alpha to use for trading in the next quarter following those quarters, when you are given the earnings reports of the 50 companies in the SSE 50 for the previous quarters. Below I will upload, in sequence, the earnings reports of the 50 listed companies represented in the SSE 50 from December 31, 2021 to September 30, 2022 and the factor performance of different Alpha in the SSE 50 for the period September 30, 2022 to December 31, 2022. Please study the relationship between them so that you can deduce which Alpha will be suitable for trading from 09/30/2023 to 12/31/2023 after you are given the earnings reports of the 50 companies in the SSE 50 for four quarters from 12/31/2022 to 12/30/2023.
Here's a small description of the market conditions:
```
In August, China's total retail sales of consumer goods reached 3.7933 trillion yuan, an increase of 4.6% year-on-year. Among them, the retail sales of consumer goods excluding automobiles were 3.3820 trillion yuan, an increase of 5.1%. In August, the national industrial added value above the designated size increased by 4.5% year-on-year, with the growth rate accelerating by 0.8 percentage points from the previous month. From January to August, fixed asset investment increased by 3.2% year-on-year, with manufacturing investment growing by 5.9%, and the growth rate accelerating by 0.2 percentage points compared to January to July. In the first eight months, the sales area of commercial housing nationwide decreased by 7.1%, the sales of commercial housing fell by 3.2%, and real estate development investment declined by 8.8% year-on-year. In August, the national urban surveyed unemployment rate was 5.2%, down 0.1 percentage points from the previous month. In August, the total electricity consumption of the whole society was 886.1 billion kilowatt-hours, an increase of 3.9% year-on-year. From January to August, the cumulative electricity consumption of the whole society was 6.0826 trillion kilowatt-hours, an increase of 5.0%.

The central bank decided to lower the deposit reserve ratio of financial institutions by 0.25 percentage points on September 15 (excluding financial institutions that have already implemented a 5% deposit reserve ratio).

Last week, in terms of interest rates, the long-term interbank offered rate slightly rebounded, and the domestic 10-year government bond yield remained stable. In terms of exchange rates, the US dollar index rose by 0.26%, and the offshore RMB appreciated by 1.16% against the US dollar. In terms of monetary supply, net reverse repos withdrew 7 billion yuan, and the MLF net injection was 191 billion yuan.
```
<<<<<<<<<<<<<<<<<<<<<<<<<<<<<<<<<<<<<<<<<<<<<<<<<<<<<<<<<<<<<<<<<<<<<<<
Okay, I understand the task. I need the following data to perform the analysis:

1.  **SSE 50 Earnings Reports (Dec 31, 2021 - Sep 30, 2022):**  The actual earnings reports for all 50 companies in the SSE 50 for the quarters ending Dec 31, 2021, Mar 31, 2022, Jun 30, 2022, and Sep 30, 2022.  I need this data in a structured format (e.g., CSV, Excel) including at least the following:
    *   Ticker Symbol
    *   Reporting Period (e.g., 2021-12-31)
    *   Revenue
    *   Net Income
    *   Earnings Per Share (EPS) - Basic and Diluted
    *   Earnings surprise (Difference between actual earning vs expectation)
    *   Other relevant metrics (e.g., EBITDA, Operating Income, Gross Margin)

2.  **Alpha Factor Performance (Sep 30, 2022 - Dec 31, 2022):**  Data showing the performance of different alpha factors in the SSE 50 during the quarter from September 30, 2022, to December 31, 2022. This should include:
    *   Alpha Factor Name/Description (e.g., "Momentum Factor", "Value Factor", "Quality Factor")
    *   Performance (e.g., Return %) of the alpha factor during that quarter.

3.  **SSE 50 Earnings Reports (Dec 31, 2022 - Sep 30, 2023):** Same format as #1, but for the quarters ending Dec 31, 2022, Mar 31, 2023, Jun 30, 2023, and Sep 30, 2023.  This is the "test" dataset.

Once you provide this data, I will perform the following steps:

**Phase 1: Data Preparation and Feature Engineering**

1.  **Data Cleaning and Standardization:** Clean and standardize the earnings data. This includes handling missing values, converting data types, and ensuring consistency across the dataset.
2.  **Feature Engineering:**  Create relevant features from the earnings data. This is critical. Here are some features I plan to engineer:
    *   **Earnings Growth Rates:** Calculate year-over-year and quarter-over-quarter growth rates for revenue, net income, and EPS.  I'll also calculate *accelerating* growth – the change in growth rate.
    *   **Profitability Ratios:** Calculate key profitability ratios such as gross margin, operating margin, net profit margin, Return on Equity (ROE), and Return on Assets (ROA).
    *   **Valuation Metrics:** Calculate Price-to-Earnings (P/E) ratio based on the most recent earnings.  I will use estimated EPS for future periods.
    *   **Earnings Quality Metrics:**  Calculate accruals ratios (using balance sheet data that I will need to source) to assess earnings quality. High accruals can indicate lower earnings quality.
    *   **Sentiment Analysis of Earnings Call Transcripts (If available):**  If possible, I will attempt to access earnings call transcripts and perform sentiment analysis to quantify the tone and confidence expressed by management.
    *   **Surprise Metrics:** Calculate earnings surprise (actual vs. expected EPS) and revenue surprise.
3.  **Factor Calculation:** Calculate the values of different Alphas such as, for example, a momentum factor (based on past price performance).

**Phase 2: Correlation and Predictive Modeling**

1.  **Correlation Analysis:** Calculate the correlation between the engineered features derived from the earnings reports (Dec 2021 - Sep 2022) and the performance of each alpha factor in the subsequent quarter (Sep 2022 - Dec 2022).  This will identify which earnings-related features have the strongest relationships (positive or negative) with each alpha factor's performance.  I will use statistical tests like Pearson correlation and Spearman's rank correlation.
2.  **Regression Analysis:** I will perform a regression analysis to model the relationship between the earnings data and the alpha factor performance. The performance of different Alpha will be the dependent variable, while various metrics derived from the earnings report (growth rate, ratios, surprise, etc) will be the independent variables.
3.  **Machine Learning Modeling:**  I will explore machine learning models to predict the alpha factor performance based on the earnings data. I will likely use Random Forest, XGBoost, or other gradient boosting methods, as they are good at handling non-linear relationships and feature interactions.  I will use cross-validation to prevent overfitting.
    *   **Model Training:** Train the model using the earnings data from Dec 2021 - Sep 2022 and the alpha factor performance from Sep 2022 - Dec 2022.
    *   **Model Evaluation:** Evaluate the model's performance using appropriate metrics like R-squared, Mean Absolute Error (MAE), and Root Mean Squared Error (RMSE).  I will also look at the model's ability to correctly rank the performance of different alpha factors.
4.  **Model Optimization:** Fine-tune the model's parameters to improve its performance. I will use techniques like grid search or Bayesian optimization.

**Phase 3: Prediction and Strategy for Sep 30, 2023 - Dec 31, 2023**

1.  **Apply Trained Model:**  Use the trained model to predict the performance of each alpha factor for the period September 30, 2023 - December 31, 2023.  The input will be the earnings data from Dec 2022 - Sep 2023.
2.  **Rank Alpha Factors:**  Rank the alpha factors based on their predicted performance.
3.  **Trading Strategy Recommendation:**  Based on the predicted ranking, I will recommend which alpha factor(s) are most likely to perform well during the period September 30, 2023 - December 31, 2023.
4.  **Consider Market Conditions:** Incorporate the provided market condition information. For example, the decrease in real estate investment and sales, increase in total retail sales, cut of the deposit reserve ratio may affect different alpha factors differently.

**Phase 4: Refinement and Iteration**

*   I will analyze the results and refine the modeling process. This may involve feature engineering, trying different models, or adjusting the parameters. The goal is to create a robust and reliable model that can accurately predict alpha factor performance.

**Important Considerations:**

*   **Data Quality:** The quality and accuracy of the data are crucial. Errors or inconsistencies in the data will negatively impact the results.
*   **Overfitting:** Overfitting is a significant risk when using machine learning models. I will use cross-validation and regularization techniques to mitigate this risk.
*   **Market Dynamics:** The relationships between earnings and alpha factor performance can change over time due to evolving market dynamics. The model should be regularly updated and re-trained with new data.
*   **Transaction Costs:** The trading strategy should consider transaction costs (brokerage fees, slippage) to ensure profitability.
*   **Limitations:**  The model is based on historical data and may not accurately predict future performance. There is always inherent uncertainty in financial markets.

Please provide the necessary data, and I will begin the analysis.

>>>>>>>>>>>>>>>>>>>>>>>>>>>>>>>>>>>>>>>>>>>>>>>>>>>>>>>>>>>>>>>>>>>>>
This is an xlsx file. The table structure is as follows: the first row is the table header, the first column is the company name, and the last column is the time. Starting from the second row, every four rows are grouped together, corresponding to the financial reports of this company in four time periods. Please confirm the table structure using a code interpreter (read the first nine rows) and tell me the contents of the table header after confirmation.
>>>>>>>>>>>>>>>>>>>>>>>>>>>>>>>>>>>>>>>>>>>>>>>>>>>>>>>>>>>>>>>>>>>>>
./data/奻痐50.xlsx
<<<<<<<<<<<<<<<<<<<<<<<<<<<<<<<<<<<<<<<<<<<<<<<<<<<<<<<<<<<<<<<<<<<<<<<
Okay, I've received the Excel file '奻痐50.xlsx'. I will use the code interpreter to read the first nine rows of the file to confirm the table structure and identify the column headers.

```tool_code
import pandas as pd

excel_file = pd.ExcelFile("奻痐50.xlsx")
sheet_name = excel_file.sheet_names[0]  # Read data from the first sheet
df = excel_file.parse(sheet_name, header=0, nrows=9)

print(df)
```

>>>>>>>>>>>>>>>>>>>>>>>>>>>>>>>>>>>>>>>>>>>>>>>>>>>>>>>>>>>>>>>>>>>>>
The first xlsx file corresponds to the performance data for the alpha with index 1. Please use a code analyzer to confirm the table structure and look at the first few rows and columns of each sheet to further understand the structure. I will then upload the presentation data for index 2.
>>>>>>>>>>>>>>>>>>>>>>>>>>>>>>>>>>>>>>>>>>>>>>>>>>>>>>>>>>>>>>>>>>>>>
./data/alpha-result/10.xlsx
<<<<<<<<<<<<<<<<<<<<<<<<<<<<<<<<<<<<<<<<<<<<<<<<<<<<<<<<<<<<<<<<<<<<<<<
Okay, I've received the Excel file '10.xlsx', supposedly containing the performance data for alpha with index 1. I will use the code interpreter to analyze its structure and content.

```tool_code
import pandas as pd

excel_file = pd.ExcelFile("10.xlsx")
sheet_name = excel_file.sheet_names[0]  # Read data from the first sheet
df = excel_file.parse(sheet_name, header=0, nrows=5)

print(df)
```

I've read the first 5 rows of the first sheet of the '10.xlsx' file. Please upload the presentation data for index 2. I'll wait for the file.

>>>>>>>>>>>>>>>>>>>>>>>>>>>>>>>>>>>>>>>>>>>>>>>>>>>>>>>>>>>>>>>>>>>>>
The second xlsx file corresponds to the performance data for the alpha with index 2. Now use a code analyzer to analyze which alpha performs better, provide sufficient evidence and upload the results using submit_better_alpha_index.
>>>>>>>>>>>>>>>>>>>>>>>>>>>>>>>>>>>>>>>>>>>>>>>>>>>>>>>>>>>>>>>>>>>>>
./data/alpha-result/11.xlsx
<<<<<<<<<<<<<<<<<<<<<<<<<<<<<<<<<<<<<<<<<<<<<<<<<<<<<<<<<<<<<<<<<<<<<<<
Okay, I've received the Excel file '11.xlsx', supposedly containing the performance data for alpha with index 2. I will now analyze both '10.xlsx' (Alpha 1) and '11.xlsx' (Alpha 2) to determine which alpha performs better.

Here's the analysis I will perform:

1.  **Read Data:** Read all the data from the first sheet of both Excel files into Pandas DataFrames.
2.  **Clean Data (if necessary):** Check for any missing values, inconsistencies, or formatting issues in the data. If found, I will attempt to clean and standardize the data.
3.  **Calculate Key Performance Metrics:** Calculate relevant performance metrics for each alpha, such as:
    *   **Mean Return:** Average return over the period.
    *   **Standard Deviation:**  Measure of volatility.
    *   **Sharpe Ratio:**  (Mean Return - Risk-Free Rate) / Standard Deviation.  I will assume a risk-free rate of 0 for simplicity, but this can be adjusted if you provide a specific value.  A higher Sharpe Ratio indicates better risk-adjusted performance.
    *   **Maximum Drawdown:** The largest peak-to-trough decline during the period.
    *   **Cumulative Return:** Total return over the period.
4.  **Compare Performance:** Compare the calculated performance metrics for Alpha 1 and Alpha 2.
5.  **Statistical Significance (Optional):** If there is enough data (many data points), I will perform a t-test to determine if the difference in mean returns between the two alphas is statistically significant.
6.  **Conclusion:**  Based on the performance metrics and statistical analysis (if applicable), I will determine which alpha performed better and provide the reasoning.
7.  **Submit Recommendation:** I will then use the `submit_better_alpha_index` function with the index of the better performing alpha.

Here's the code:

```tool_code
import pandas as pd
import numpy as np
from scipy import stats

def calculate_performance_metrics(df, risk_free_rate=0.0):
    """Calculates performance metrics for an alpha strategy."""
    returns = df.iloc[:, 1]  # Assuming returns are in the second column
    mean_return = returns.mean()
    std_dev = returns.std()
    sharpe_ratio = (mean_return - risk_free_rate) / std_dev if std_dev != 0 else np.nan
    cumulative_return = (1 + returns).prod() - 1

    # Calculate maximum drawdown
    peak = returns.iloc[0]
    max_drawdown = 0
    for ret in returns:
        peak = max(peak, ret)
        drawdown = (ret - peak) / peak
        max_drawdown = min(max_drawdown, drawdown)

    return {
        "Mean Return": mean_return,
        "Standard Deviation": std_dev,
        "Sharpe Ratio": sharpe_ratio,
        "Maximum Drawdown": max_drawdown,
        "Cumulative Return": cumulative_return
    }

def compare_alphas(file1, file2):
    """Compares the performance of two alpha strategies based on data in Excel files."""
    try:
        df1 = pd.read_excel(file1)
        df2 = pd.read_excel(file2)
    except Exception as e:
        return f"Error reading Excel files: {e}"

    #Check for same number of rows and corresponding dates in first column
    if df1.shape != df2.shape or not df1.iloc[:,0].equals(df2.iloc[:,0]):
      return "Error: Excel files have different shapes or first column not equal."

    metrics1 = calculate_performance_metrics(df1)
    metrics2 = calculate_performance_metrics(df2)

    print("Alpha 1 Performance Metrics:", metrics1)
    print("Alpha 2 Performance Metrics:", metrics2)

    # Compare Sharpe Ratios
    if metrics1["Sharpe Ratio"] > metrics2["Sharpe Ratio"]:
        better_alpha = 1
        reason = "Alpha 1 has a higher Sharpe Ratio, indicating better risk-adjusted performance."
    elif metrics2["Sharpe Ratio"] > metrics1["Sharpe Ratio"]:
        better_alpha = 2
        reason = "Alpha 2 has a higher Sharpe Ratio, indicating better risk-adjusted performance."
    else:
        # If Sharpe Ratios are equal, compare Cumulative Returns
        if metrics1["Cumulative Return"] > metrics2["Cumulative Return"]:
            better_alpha = 1
            reason = "Alpha 1 has a higher Cumulative Return."
        elif metrics2["Cumulative Return"] > metrics1["Cumulative Return"]:
            better_alpha = 2
            reason = "Alpha 2 has a higher Cumulative Return."
        else:
            better_alpha = 0 # Indicates error
            reason = "Alpha 1 and Alpha 2 have equal Sharpe Ratios and Cumulative Returns. Unable to determine a better alpha."
    return better_alpha, reason
# First check data consistenty between the two alpha performance xlsx

alpha, reason = compare_alphas("10.xlsx", "11.xlsx")

if alpha == 1:
    print(f"Alpha 1 performed better. Reason: {reason}")
elif alpha == 2:
    print(f"Alpha 2 performed better. Reason: {reason}")
else:
    print(f"No difference in performace. Reason: {reason}")
```
<<<<<<<<<<<<<<<<<<<<<<<<<<<<<<<<<<<<<<<<<<<<<<<<<<<<<<<<<<<<<<<<<<<<<<<
The selected better alpha's index is: 2
