>>>>>>>>>>>>>>>>>>>>>>>>>>>>>>>>>>>>>>>>>>>>>>>>>>>>>>>>>>>>>>>>>>>>>
Please correlate the earnings reports of the 50 listed companies represented by the SSE 50 for a certain number of quarters with the performance of a given Alpha Factor in the SSE 50 for the quarter following those quarters, and learn how to predict which Alpha to use for trading in the next quarter following those quarters, when you are given the earnings reports of the 50 companies in the SSE 50 for the previous quarters. Below I will upload, in sequence, the earnings reports of the 50 listed companies represented in the SSE 50 from December 31, 2021 to September 30, 2022 and the factor performance of different Alpha in the SSE 50 for the period September 30, 2022 to December 31, 2022. Please study the relationship between them so that you can deduce which Alpha will be suitable for trading from 09/30/2023 to 12/31/2023 after you are given the earnings reports of the 50 companies in the SSE 50 for four quarters from 12/31/2022 to 12/30/2023.
Here's a small description of the market conditions:
```
In August, China's total retail sales of consumer goods reached 3.7933 trillion yuan, an increase of 4.6% year-on-year. Among them, the retail sales of consumer goods excluding automobiles were 3.3820 trillion yuan, an increase of 5.1%. In August, the national industrial added value above the designated size increased by 4.5% year-on-year, with the growth rate accelerating by 0.8 percentage points from the previous month. From January to August, fixed asset investment increased by 3.2% year-on-year, with manufacturing investment growing by 5.9%, and the growth rate accelerating by 0.2 percentage points compared to January to July. In the first eight months, the sales area of commercial housing nationwide decreased by 7.1%, the sales of commercial housing fell by 3.2%, and real estate development investment declined by 8.8% year-on-year. In August, the national urban surveyed unemployment rate was 5.2%, down 0.1 percentage points from the previous month. In August, the total electricity consumption of the whole society was 886.1 billion kilowatt-hours, an increase of 3.9% year-on-year. From January to August, the cumulative electricity consumption of the whole society was 6.0826 trillion kilowatt-hours, an increase of 5.0%.

The central bank decided to lower the deposit reserve ratio of financial institutions by 0.25 percentage points on September 15 (excluding financial institutions that have already implemented a 5% deposit reserve ratio).

Last week, in terms of interest rates, the long-term interbank offered rate slightly rebounded, and the domestic 10-year government bond yield remained stable. In terms of exchange rates, the US dollar index rose by 0.26%, and the offshore RMB appreciated by 1.16% against the US dollar. In terms of monetary supply, net reverse repos withdrew 7 billion yuan, and the MLF net injection was 191 billion yuan.
```
<<<<<<<<<<<<<<<<<<<<<<<<<<<<<<<<<<<<<<<<<<<<<<<<<<<<<<<<<<<<<<<<<<<<<<<
Okay, I understand the task. I need to analyze the relationship between the earnings reports of the SSE 50 companies from December 31, 2021, to September 30, 2022, and the subsequent performance of different alpha factors in the SSE 50 from September 30, 2022, to December 31, 2022. Based on this analysis, I will predict which alpha factor would be most suitable for trading in the period from September 30, 2023, to December 31, 2023, given the earnings reports of the SSE 50 companies from December 31, 2022, to September 30, 2023 and the macroeconomic context you provided.

I am ready to receive the following data:

1.  **Earnings Reports:** Excel or CSV files containing the earnings reports of the 50 SSE 50 companies for the following periods:
    *   December 31, 2021
    *   March 31, 2022
    *   June 30, 2022
    *   September 30, 2022
    *   December 31, 2022
    *   March 31, 2023
    *   June 30, 2023
    *   September 30, 2023
    The earnings reports should include, at a minimum, the following data points (per company, per quarter):
    *   Revenue
    *   Net Income
    *   Earnings Per Share (EPS)
    *   Gross Profit Margin
    *   Operating Income
    *   Net Profit Margin
    *   Total Equity
    *   Total Assets
    *   Total Liabilities
    *   Cash Flow from Operations (CFO)

2.  **Alpha Factor Performance:** An Excel or CSV file containing the performance data of the different alpha factors in the SSE 50 for the period from September 30, 2022, to December 31, 2022. This should include:
    *   A list of Alpha Factors (e.g., Momentum, Value, Quality, Size, Volatility)
    *   The return of each alpha factor for the period (September 30, 2022 - December 31, 2022). (For the sake of simplicity, please use the most common Alphas).

3.  **List of SSE 50 Constituents:** A list of the 50 companies in the SSE 50 index.

Once I have this data, I will perform the following steps:

1.  **Data Cleaning and Preprocessing:** Clean and organize the data, handling missing values and ensuring data consistency.
2.  **Earnings Report Analysis:** Calculate key financial ratios and metrics for each company for each quarter.
3.  **Correlation Analysis:** Calculate the correlation between the financial metrics derived from the earnings reports (Dec 31, 2021 - Sep 30, 2022) and the subsequent performance of the alpha factors (Sep 30, 2022 - Dec 31, 2022). This will involve statistical analysis to identify which earnings metrics are most predictive of each alpha factor's performance. I will use correlation coefficients and regression analysis to quantify these relationships.
4.  **Model Development:** Develop a predictive model based on the historical correlations. This model will use the earnings data (Dec 31, 2022 - Sep 30, 2023) as inputs and predict the expected performance of each alpha factor for the period of September 30, 2023, to December 31, 2023.
5.  **Macroeconomic Context Integration:** Incorporate the macroeconomic context (retail sales, industrial production, fixed asset investment, real estate data, unemployment rate, electricity consumption, monetary policy) into the model. This will involve assessing how these factors are likely to influence the performance of different alpha factors. For example, strong retail sales might favor consumer-oriented stocks, while infrastructure spending might favor value stocks.
6.  **Alpha Factor Prediction:** Based on the model's output and the macroeconomic context, I will recommend the most suitable alpha factor for trading during the period September 30, 2023, to December 31, 2023. This recommendation will be based on the predicted performance of the alpha factor and its alignment with the current market conditions.
7.  **Caveats and Risk Assessment:** Provide a discussion of the limitations of the analysis and potential risks associated with the recommended alpha factor.
8.  **Backtesting:** While limited by the provided data, I will perform a basic backtest on the available data to evaluate the model's performance and robustness.

**Important Considerations:**

*   **Data Quality:** The accuracy of the analysis depends heavily on the quality and completeness of the data provided.
*   **Model Limitations:** The predictive model is based on historical correlations, which may not hold true in the future.
*   **Market Volatility:** The Chinese stock market can be volatile, and unexpected events can significantly impact market performance.
*   **Alpha Factor Definitions:** Ensure that the definitions of the alpha factors are consistent and well-defined.

Please upload the required data.

>>>>>>>>>>>>>>>>>>>>>>>>>>>>>>>>>>>>>>>>>>>>>>>>>>>>>>>>>>>>>>>>>>>>>
This is an xlsx file. The table structure is as follows: the first row is the table header, the first column is the company name, and the last column is the time. Starting from the second row, every four rows are grouped together, corresponding to the financial reports of this company in four time periods. Please confirm the table structure using a code interpreter (read the first nine rows) and tell me the contents of the table header after confirmation.
>>>>>>>>>>>>>>>>>>>>>>>>>>>>>>>>>>>>>>>>>>>>>>>>>>>>>>>>>>>>>>>>>>>>>
./data/奻痐50.xlsx
<<<<<<<<<<<<<<<<<<<<<<<<<<<<<<<<<<<<<<<<<<<<<<<<<<<<<<<<<<<<<<<<<<<<<<<
Okay, I understand the file structure you've described. I will now use the code interpreter to read the first nine rows of the '奻痐50.xlsx' file to confirm the table structure and identify the table headers. After confirming the table structure, I will list the contents of the table header.

```tool_code
import pandas as pd

excel_file = pd.ExcelFile("奻痐50.xlsx")
sheet_names = excel_file.sheet_names
print(f"Sheet names in the Excel file: {sheet_names}")

# Read the first 9 rows from the first sheet to understand the structure
df = excel_file.parse(sheet_names[0], nrows=9)
print(df.head(9))
```

>>>>>>>>>>>>>>>>>>>>>>>>>>>>>>>>>>>>>>>>>>>>>>>>>>>>>>>>>>>>>>>>>>>>>
The first xlsx file corresponds to the performance data for the alpha with index 1. Please use a code analyzer to confirm the table structure and look at the first few rows and columns of each sheet to further understand the structure. I will then upload the presentation data for index 2.
>>>>>>>>>>>>>>>>>>>>>>>>>>>>>>>>>>>>>>>>>>>>>>>>>>>>>>>>>>>>>>>>>>>>>
./data/alpha-result/20.xlsx
<<<<<<<<<<<<<<<<<<<<<<<<<<<<<<<<<<<<<<<<<<<<<<<<<<<<<<<<<<<<<<<<<<<<<<<
Understood. I'll examine the "20.xlsx" file using the code interpreter to understand its structure and content. I'll focus on examining the first few rows and columns of each sheet within the Excel file to identify key data and headers.

```tool_code
import pandas as pd

excel_file = pd.ExcelFile("20.xlsx")
sheet_names = excel_file.sheet_names
print(f"Sheet names in the Excel file: {sheet_names}")

for sheet_name in sheet_names:
    print(f"\n--- Sheet: {sheet_name} ---")
    df = excel_file.parse(sheet_name, nrows=5, usecols=range(5))  # Read first 5 rows and 5 columns
    print(df)
```

>>>>>>>>>>>>>>>>>>>>>>>>>>>>>>>>>>>>>>>>>>>>>>>>>>>>>>>>>>>>>>>>>>>>>
The second xlsx file corresponds to the performance data for the alpha with index 2. Now use a code analyzer to analyze which alpha performs better, provide sufficient evidence and upload the results using submit_better_alpha_index.
>>>>>>>>>>>>>>>>>>>>>>>>>>>>>>>>>>>>>>>>>>>>>>>>>>>>>>>>>>>>>>>>>>>>>
./data/alpha-result/9.xlsx
<<<<<<<<<<<<<<<<<<<<<<<<<<<<<<<<<<<<<<<<<<<<<<<<<<<<<<<<<<<<<<<<<<<<<<<
Okay, I will now analyze the provided "9.xlsx" file (representing Alpha with index 2) along with the previously analyzed "奻痐50.xlsx" file (representing Alpha with index 1) to determine which alpha performed better.

**Analysis:**

To determine which alpha performed better, I need to calculate key performance metrics for each alpha based on the data provided. Since the data structure of both files is the same, I will read each sheet within the files, assuming each sheet represent a different period, and then aggregate the returns across all companies. I'll use the following metrics:

*   **Total Return:** The sum of returns across all companies and periods.
*   **Average Return:** The average return across all companies and periods.
*   **Standard Deviation of Returns:**  A measure of the volatility or risk associated with each alpha.
*   **Sharpe Ratio:** (Average Return / Standard Deviation). A risk-adjusted measure of performance. A higher Sharpe ratio indicates better performance.

Then, based on these calculated metrics, I will provide a conclusion indicating which alpha performed better.

```tool_code
import pandas as pd
import numpy as np

def calculate_performance_metrics(file_path):
    excel_file = pd.ExcelFile(file_path)
    sheet_names = excel_file.sheet_names
    all_returns = []

    for sheet_name in sheet_names:
        df = excel_file.parse(sheet_name)
        # Assuming the returns are in all columns excluding the company name and date
        returns = df.iloc[:, 1:-1].values.flatten()
        all_returns.extend(returns)

    all_returns = np.array(all_returns)
    average_return = np.mean(all_returns)
    std_dev = np.std(all_returns)
    sharpe_ratio = average_return / std_dev if std_dev > 0 else 0  #Avoid division by zero

    total_return = np.sum(all_returns)
    return total_return, average_return, std_dev, sharpe_ratio

# Calculate performance metrics for Alpha 1 (奻痐50.xlsx)
total_return_alpha1, avg_return_alpha1, std_dev_alpha1, sharpe_ratio_alpha1 = calculate_performance_metrics("奻痐50.xlsx")

# Calculate performance metrics for Alpha 2 (20.xlsx)
total_return_alpha2, avg_return_alpha2, std_dev_alpha2, sharpe_ratio_alpha2 = calculate_performance_metrics("20.xlsx")


# Compare the performance
print("Alpha 1 Performance:")
print(f"  Total Return: {total_return_alpha1:.4f}")
print(f"  Average Return: {avg_return_alpha1:.4f}")
print(f"  Standard Deviation: {std_dev_alpha1:.4f}")
print(f"  Sharpe Ratio: {sharpe_ratio_alpha1:.4f}")

print("\nAlpha 2 Performance:")
print(f"  Total Return: {total_return_alpha2:.4f}")
print(f"  Average Return: {avg_return_alpha2:.4f}")
print(f"  Standard Deviation: {std_dev_alpha2:.4f}")
print(f"  Sharpe Ratio: {sharpe_ratio_alpha2:.4f}")


if sharpe_ratio_alpha1 > sharpe_ratio_alpha2:
    better_alpha = 1
elif sharpe_ratio_alpha2 > sharpe_ratio_alpha1:
    better_alpha = 2
else:
    better_alpha = "Indeterminate - Sharpe Ratios are equal"


print(f"\nBased on Sharpe Ratio, Alpha {better_alpha} performed better.")

# Construct a justification String
justification = f"Alpha 1 (Index 1) Total Return: {total_return_alpha1:.4f}, Avg Return: {avg_return_alpha1:.4f}, Sharpe Ratio: {sharpe_ratio_alpha1:.4f}.  Alpha 2 (Index 2) Total Return: {total_return_alpha2:.4f}, Avg Return: {avg_return_alpha2:.4f}, Sharpe Ratio: {sharpe_ratio_alpha2:.4f}.  The Sharpe Ratio, a risk-adjusted measure of return, is the primary determinant. A higher Sharpe Ratio implies better performance."

```

Based on the Sharpe Ratio, the code determines which Alpha performed better and then constructs a string for the justification parameter.
```tool_code
print(justification)
```

<<<<<<<<<<<<<<<<<<<<<<<<<<<<<<<<<<<<<<<<<<<<<<<<<<<<<<<<<<<<<<<<<<<<<<<
The selected better alpha's index is: 2
