>>>>>>>>>>>>>>>>>>>>>>>>>>>>>>>>>>>>>>>>>>>>>>>>>>>>>>>>>>>>>>>>>>>>>
Please correlate the earnings reports of the 50 listed companies represented by the SSE 50 for a certain number of quarters with the performance of a given Alpha Factor in the SSE 50 for the quarter following those quarters, and learn how to predict which Alpha to use for trading in the next quarter following those quarters, when you are given the earnings reports of the 50 companies in the SSE 50 for the previous quarters. Below I will upload, in sequence, the earnings reports of the 50 listed companies represented in the SSE 50 from December 31, 2021 to September 30, 2022 and the factor performance of different Alpha in the SSE 50 for the period September 30, 2022 to December 31, 2022. Please study the relationship between them so that you can deduce which Alpha will be suitable for trading from 09/30/2023 to 12/31/2023 after you are given the earnings reports of the 50 companies in the SSE 50 for four quarters from 12/31/2022 to 12/30/2023.
Here's a small description of the market conditions:
```
In August, China's total retail sales of consumer goods reached 3.7933 trillion yuan, an increase of 4.6% year-on-year. Among them, the retail sales of consumer goods excluding automobiles were 3.3820 trillion yuan, an increase of 5.1%. In August, the national industrial added value above the designated size increased by 4.5% year-on-year, with the growth rate accelerating by 0.8 percentage points from the previous month. From January to August, fixed asset investment increased by 3.2% year-on-year, with manufacturing investment growing by 5.9%, and the growth rate accelerating by 0.2 percentage points compared to January to July. In the first eight months, the sales area of commercial housing nationwide decreased by 7.1%, the sales of commercial housing fell by 3.2%, and real estate development investment declined by 8.8% year-on-year. In August, the national urban surveyed unemployment rate was 5.2%, down 0.1 percentage points from the previous month. In August, the total electricity consumption of the whole society was 886.1 billion kilowatt-hours, an increase of 3.9% year-on-year. From January to August, the cumulative electricity consumption of the whole society was 6.0826 trillion kilowatt-hours, an increase of 5.0%.

The central bank decided to lower the deposit reserve ratio of financial institutions by 0.25 percentage points on September 15 (excluding financial institutions that have already implemented a 5% deposit reserve ratio).

Last week, in terms of interest rates, the long-term interbank offered rate slightly rebounded, and the domestic 10-year government bond yield remained stable. In terms of exchange rates, the US dollar index rose by 0.26%, and the offshore RMB appreciated by 1.16% against the US dollar. In terms of monetary supply, net reverse repos withdrew 7 billion yuan, and the MLF net injection was 191 billion yuan.
```
<<<<<<<<<<<<<<<<<<<<<<<<<<<<<<<<<<<<<<<<<<<<<<<<<<<<<<<<<<<<<<<<<<<<<<<
Understood. I will perform the requested analysis once you provide the earnings reports and alpha factor performance data. I will need the following information structured in a machine-readable format (e.g., CSV, Excel, or a well-structured JSON).

*   **Earnings Reports (SSE 50 Companies):** For each company in the SSE 50, I need the quarterly earnings reports for the periods ending December 31, 2021, March 31, 2022, June 30, 2022, and September 30, 2022. Please include key financial metrics such as:
    *   Revenue
    *   Net Income
    *   Earnings Per Share (EPS)
    *   Ideally also other key metrics, ideally a full income statement and balance sheet to perform a more thorough analysis.
*   **Alpha Factor Performance (SSE 50):** The performance data of different Alpha factors in the SSE 50 for the period from September 30, 2022, to December 31, 2022. This should include:
    *   Alpha Factor Name/Identifier (e.g., Momentum, Value, Quality, etc.)
    *   Performance of each Alpha factor during the specified period (e.g., percentage return, Sharpe ratio).

Once you provide this data, I will:

1.  **Data Processing and Cleaning:** Ensure the data is clean, consistent, and in a usable format.
2.  **Correlation Analysis:** Calculate the correlation between the earnings reports of the SSE 50 companies for the specified quarters and the subsequent performance of the Alpha factors. I will use statistical methods to identify relationships, if any, between specific earnings metrics and Alpha factor performance.
3.  **Model Building:** Develop a predictive model (likely a machine learning model) to forecast which Alpha factor will be most suitable for trading in the period from September 30, 2023, to December 31, 2023, based on the earnings reports from December 31, 2022, to September 30, 2023. I will evaluate different models (e.g., regression, classification, neural networks) to determine which performs best.
4.  **Backtesting and Validation:** Validate the model's performance using the available data.
5.  **Economic Context Integration:** Consider the macroeconomic conditions you provided, such as retail sales, industrial production, fixed asset investment, and monetary policy, to refine the model and improve its predictive accuracy.
6.  **Prediction and Recommendation:** Finally, I will provide the predicted Alpha factor for the trading period from September 30, 2023, to December 31, 2023, along with a detailed explanation of the reasoning behind the prediction, and a recommended trading strategy.

**Important Considerations:**

*   **Data Quality:** The accuracy and completeness of the data are crucial for the success of this analysis.
*   **Overfitting:** I will take measures to avoid overfitting the model to the historical data, which could lead to poor performance in the future.
*   **Market Dynamics:** The stock market is complex and constantly evolving. Past performance is not necessarily indicative of future results.
*   **Market Sentiment:** Keep in mind the information provided only contains quantitive values. A deep understanding of market sentiments and investor behaviors is also needed for successful trading.

I am ready when you are. Please upload the data.

>>>>>>>>>>>>>>>>>>>>>>>>>>>>>>>>>>>>>>>>>>>>>>>>>>>>>>>>>>>>>>>>>>>>>
This is an xlsx file. The table structure is as follows: the first row is the table header, the first column is the company name, and the last column is the time. Starting from the second row, every four rows are grouped together, corresponding to the financial reports of this company in four time periods. Please confirm the table structure using a code interpreter (read the first nine rows) and tell me the contents of the table header after confirmation.
>>>>>>>>>>>>>>>>>>>>>>>>>>>>>>>>>>>>>>>>>>>>>>>>>>>>>>>>>>>>>>>>>>>>>
./data/奻痐50.xlsx
<<<<<<<<<<<<<<<<<<<<<<<<<<<<<<<<<<<<<<<<<<<<<<<<<<<<<<<<<<<<<<<<<<<<<<<
Okay, I will use the code interpreter to read the first nine rows of the provided Excel file ('奻痐50.xlsx') and confirm the table structure. This will allow me to identify the column headers and understand how the data is organized.

```tool_code
import pandas as pd

try:
    # Read the first 9 rows of the Excel file
    df = pd.read_excel("奻痐50.xlsx", nrows=9)
    print(df.head(9))  # Display the first 9 rows
    column_headers = df.columns.tolist()
    print("\nColumn Headers:", column_headers)

except FileNotFoundError:
    print("Error: The file '奻痐50.xlsx' was not found. Please ensure the file is in the correct directory.")
except Exception as e:
    print(f"An error occurred: {e}")
```

>>>>>>>>>>>>>>>>>>>>>>>>>>>>>>>>>>>>>>>>>>>>>>>>>>>>>>>>>>>>>>>>>>>>>
The first xlsx file corresponds to the performance data for the alpha with index 1. Please use a code analyzer to confirm the table structure and look at the first few rows and columns of each sheet to further understand the structure. I will then upload the presentation data for index 2.
>>>>>>>>>>>>>>>>>>>>>>>>>>>>>>>>>>>>>>>>>>>>>>>>>>>>>>>>>>>>>>>>>>>>>
./data/alpha-result/11.xlsx
<<<<<<<<<<<<<<<<<<<<<<<<<<<<<<<<<<<<<<<<<<<<<<<<<<<<<<<<<<<<<<<<<<<<<<<
Okay, I will now analyze the '11.xlsx' file to confirm its table structure and understand the data it contains. I'll use the code interpreter to read the first few rows and columns of each sheet in the Excel file.

```tool_code
import pandas as pd

try:
    # Read all sheets from the Excel file
    excel_file = pd.ExcelFile("11.xlsx")
    sheet_names = excel_file.sheet_names

    print(f"The excel file contains the following sheets: {sheet_names}")

    for sheet_name in sheet_names:
        print(f"\nAnalyzing sheet: {sheet_name}")
        df = excel_file.parse(sheet_name, nrows=5)  # Read the first 5 rows
        print(df)
        column_headers = df.columns.tolist()
        print("Column Headers:", column_headers)

except FileNotFoundError:
    print("Error: The file '11.xlsx' was not found. Please ensure the file is in the correct directory.")
except Exception as e:
    print(f"An error occurred: {e}")
```

>>>>>>>>>>>>>>>>>>>>>>>>>>>>>>>>>>>>>>>>>>>>>>>>>>>>>>>>>>>>>>>>>>>>>
The second xlsx file corresponds to the performance data for the alpha with index 2. Now use a code analyzer to analyze which alpha performs better, provide sufficient evidence and upload the results using submit_better_alpha_index.
>>>>>>>>>>>>>>>>>>>>>>>>>>>>>>>>>>>>>>>>>>>>>>>>>>>>>>>>>>>>>>>>>>>>>
./data/alpha-result/13.xlsx
<<<<<<<<<<<<<<<<<<<<<<<<<<<<<<<<<<<<<<<<<<<<<<<<<<<<<<<<<<<<<<<<<<<<<<<
Okay, I will analyze the two Excel files ('11.xlsx' and '13.xlsx') containing the performance data for Alpha indices 1 and 2, respectively. I will compare their performance based on the available data, providing evidence to determine which Alpha performed better. I'll focus on key metrics like returns, volatility (if possible to calculate from the data), and Sharpe Ratio (if possible).

```tool_code
import pandas as pd
import numpy as np

def analyze_alpha_performance(file1, file2):
    """
    Analyzes the performance of two Alpha indices based on data from two Excel files.

    Args:
        file1 (str): Path to the Excel file containing data for Alpha index 1.
        file2 (str): Path to the Excel file containing data for Alpha index 2.

    Returns:
        tuple: A tuple containing:
            - The index of the better-performing Alpha (1 or 2).
            - A string providing the analysis and justification.
    """

    try:
        # Load the data from both Excel files
        excel_file_1 = pd.ExcelFile(file1)
        excel_file_2 = pd.ExcelFile(file2)

        # Assuming the first sheet contains the relevant data
        sheet_name_1 = excel_file_1.sheet_names[0]
        sheet_name_2 = excel_file_2.sheet_names[0]

        df1 = excel_file_1.parse(sheet_name_1)
        df2 = excel_file_2.parse(sheet_name_2)

        # Check for common column names and data
        common_cols = list(set(df1.columns) & set(df2.columns))
        if not common_cols:
            return None, "Error: No common columns found between the two dataframes."

        # Assuming that the return data is in a column named 'return' or similar.
        # We need to check which column actually represents returns
        return_col_1 = None
        return_col_2 = None

        for col in common_cols:
            # Try to infer if the column contains returns data
            if df1[col].dtype in ['float64', 'int64']:
                return_col_1 = col
                break

        for col in common_cols:
            # Try to infer if the column contains returns data
            if df2[col].dtype in ['float64', 'int64']:
                return_col_2 = col
                break


        if return_col_1 is None or return_col_2 is None:
            return None, "Error: Unable to identify a column containing return data."

        # Calculate cumulative returns
        cumulative_return_1 = (df1[return_col_1] + 1).prod() - 1
        cumulative_return_2 = (df2[return_col_2] + 1).prod() - 1

        # Compare the cumulative returns and other metrics.
        if cumulative_return_1 > cumulative_return_2:
            better_alpha = 1
            analysis = (f"Alpha index 1 ({file1}) performed better than Alpha index 2 ({file2}).\n"
                        f"Cumulative Return (Alpha 1): {cumulative_return_1:.4f}\n"
                        f"Cumulative Return (Alpha 2): {cumulative_return_2:.4f}\n"
                        f"Used column '{return_col_1}' from {file1} and '{return_col_2}' from {file2} to compute returns.")
        elif cumulative_return_2 > cumulative_return_1:
            better_alpha = 2
            analysis = (f"Alpha index 2 ({file2}) performed better than Alpha index 1 ({file1}).\n"
                        f"Cumulative Return (Alpha 1): {cumulative_return_1:.4f}\n"
                        f"Cumulative Return (Alpha 2): {cumulative_return_2:.4f}\n"
                        f"Used column '{return_col_1}' from {file1} and '{return_col_2}' from {file2} to compute returns.")
        else:
            better_alpha = None
            analysis = "Alpha indices performed equally well."

        return better_alpha, analysis

    except FileNotFoundError:
        return None, "Error: One or both of the specified files were not found."
    except Exception as e:
        return None, f"An error occurred: {e}"

# Analyze the performance and get the better alpha and analysis
better_alpha_index, analysis_result = analyze_alpha_performance("11.xlsx", "13.xlsx")

print(analysis_result)

# Prepare the result for submission
if better_alpha_index is not None:
    print(f"The better performing Alpha index is: {better_alpha_index}")

```
<<<<<<<<<<<<<<<<<<<<<<<<<<<<<<<<<<<<<<<<<<<<<<<<<<<<<<<<<<<<<<<<<<<<<<<
The selected better alpha's index is: 2
