>>>>>>>>>>>>>>>>>>>>>>>>>>>>>>>>>>>>>>>>>>>>>>>>>>>>>>>>>>>>>>>>>>>>>
Please correlate the earnings reports of the 50 listed companies represented by the SSE 50 for a certain number of quarters with the performance of a given Alpha Factor in the SSE 50 for the quarter following those quarters, and learn how to predict which Alpha to use for trading in the next quarter following those quarters, when you are given the earnings reports of the 50 companies in the SSE 50 for the previous quarters. Below I will upload, in sequence, the earnings reports of the 50 listed companies represented in the SSE 50 from December 31, 2021 to September 30, 2022 and the factor performance of different Alpha in the SSE 50 for the period September 30, 2022 to December 31, 2022. Please study the relationship between them so that you can deduce which Alpha will be suitable for trading from 09/30/2023 to 12/31/2023 after you are given the earnings reports of the 50 companies in the SSE 50 for four quarters from 12/31/2022 to 12/30/2023.
Here's a small description of the market conditions:
```
In August, China's total retail sales of consumer goods reached 3.7933 trillion yuan, an increase of 4.6% year-on-year. Among them, the retail sales of consumer goods excluding automobiles were 3.3820 trillion yuan, an increase of 5.1%. In August, the national industrial added value above the designated size increased by 4.5% year-on-year, with the growth rate accelerating by 0.8 percentage points from the previous month. From January to August, fixed asset investment increased by 3.2% year-on-year, with manufacturing investment growing by 5.9%, and the growth rate accelerating by 0.2 percentage points compared to January to July. In the first eight months, the sales area of commercial housing nationwide decreased by 7.1%, the sales of commercial housing fell by 3.2%, and real estate development investment declined by 8.8% year-on-year. In August, the national urban surveyed unemployment rate was 5.2%, down 0.1 percentage points from the previous month. In August, the total electricity consumption of the whole society was 886.1 billion kilowatt-hours, an increase of 3.9% year-on-year. From January to August, the cumulative electricity consumption of the whole society was 6.0826 trillion kilowatt-hours, an increase of 5.0%.

The central bank decided to lower the deposit reserve ratio of financial institutions by 0.25 percentage points on September 15 (excluding financial institutions that have already implemented a 5% deposit reserve ratio).

Last week, in terms of interest rates, the long-term interbank offered rate slightly rebounded, and the domestic 10-year government bond yield remained stable. In terms of exchange rates, the US dollar index rose by 0.26%, and the offshore RMB appreciated by 1.16% against the US dollar. In terms of monetary supply, net reverse repos withdrew 7 billion yuan, and the MLF net injection was 191 billion yuan.
```
<<<<<<<<<<<<<<<<<<<<<<<<<<<<<<<<<<<<<<<<<<<<<<<<<<<<<<<<<<<<<<<<<<<<<<<
Understood. This is a complex, multi-stage task. I will perform the analysis in a systematic way:

**Phase 1: Data Collection & Preparation**

I need the following data to proceed:

1.  **Earnings Reports of SSE 50 Companies (Q4 2021 - Q3 2022):**  I need the actual reports or, at a minimum, key financial metrics extracted from these reports for each of the 50 companies.  The critical data points are:

    *   Revenue
    *   Net Income
    *   Earnings Per Share (EPS)
    *   Operating Income
    *   Debt Levels (Short-term and Long-term)
    *   Cash Flow from Operations

2.  **Alpha Factor Performance (Q3 2022):** You mentioned the factor performance of different Alphas from September 30, 2022, to December 31, 2022 (Q4 2022). I need the specific names of the Alphas and their performance (e.g., returns) during that period.  Ideally, I'd like to know how these Alphas are constructed (e.g., what variables they use).  Without knowing which Alphas to test, it is impossible to determine which to use. The Alphas can be momentum, reversion, fundamental, earnings quality, size, liquidity, etc.

3. **Earnings Reports of SSE 50 Companies (Q4 2022 - Q3 2023):** I need the actual reports or, at a minimum, key financial metrics extracted from these reports for each of the 50 companies.  The critical data points are:

    *   Revenue
    *   Net Income
    *   Earnings Per Share (EPS)
    *   Operating Income
    *   Debt Levels (Short-term and Long-term)
    *   Cash Flow from Operations

**Phase 2:  Correlation Analysis & Model Development**

1.  **Feature Engineering:** Once I have the earnings data, I'll create several features based on financial ratios and growth rates.  Examples include:

    *   Revenue Growth (YoY, QoQ)
    *   EPS Growth (YoY, QoQ)
    *   Profit Margin Changes
    *   Debt-to-Equity Ratio
    *   Current Ratio
    *   Quick Ratio
    *   Asset Turnover Ratio
    *   Inventory Turnover Ratio
    *   Receivables Turnover Ratio
    *   Cash Conversion Cycle

2.  **Data Normalization/Standardization:** I'll normalize or standardize the data to ensure all features are on a similar scale. This is essential for many machine learning algorithms.

3.  **Correlation Analysis:**  I'll calculate the correlation between each of the engineered features from the earnings reports (Q4 2021 - Q3 2022) and the performance of each Alpha factor in Q4 2022.  This will help identify which financial metrics are most strongly related to each Alpha's performance.

4.  **Predictive Model Development:** Based on the correlation analysis, I'll develop a predictive model to forecast which Alpha factor is likely to perform best in Q4 2023, given the earnings reports from Q4 2022 - Q3 2023. Possible models include:

    *   **Multiple Linear Regression:** This could be a good starting point to model the relationship between earnings features and Alpha performance.  I'd need to check for multicollinearity and address it if necessary.
    *   **LASSO/Ridge Regression:** These techniques can help with feature selection and regularization, particularly if there are many features or if multicollinearity is a concern.
    *   **Random Forest:** A more complex, non-linear model that can capture more intricate relationships.  Important to tune hyperparameters to avoid overfitting.
    *   **Gradient Boosting Machines (e.g., XGBoost, LightGBM):** Often perform very well in these types of prediction problems.  Also require hyperparameter tuning.
    *   **Neural Networks (e.g., Feedforward, Recurrent):**  Potentially useful if there are complex, non-linear relationships, but require a significant amount of data and careful architecture design.  Recurrent networks might be appropriate if there's a temporal component to the earnings data.

5.  **Model Validation:** I don't have enough data for a true out-of-sample validation.

**Phase 3:  Prediction and Recommendation for Q4 2023**

1.  **Apply Model to Q4 2022 - Q3 2023 Earnings Data:**  I'll use the developed model to predict the expected performance of each Alpha factor in Q4 2023, based on the earnings reports from Q4 2022 - Q3 2023.

2.  **Refine Model:** Include market conditions and update the data, normalize and standardize them, and include these variables in the existing Model.

3.  **Select the Best Alpha:** Based on the model's predictions, I'll recommend the Alpha factor that is expected to generate the highest returns in Q4 2023.

**Phase 4:  Detailed Investment Strategy**

1.  **Recommendation:** (Based on model output and risk assessment) *E.g., "Invest in Alpha X for Q4 2023"*

2.  **Entry Strategy:** *E.g., "Allocate to Alpha X on October 2, 2023, near the opening price."*

3.  **Exit Strategy:** *E.g., "Sell Alpha X holdings on December 29, 2023, near the closing price, or if returns exceed Y% before then."*

4.  **Position Management:** *E.g., "Rebalance portfolio weekly to maintain a Z% allocation to Alpha X."*

5.  **Position Sizing:** *E.g., "Allocate no more than 5% of total portfolio to Alpha X due to its historical volatility."*

6. **Detailed Analysis:** Give some metrics related to the investment in the Alpha, such as expected Return, risk and Sharpe Ratio.

**Important Considerations:**

*   **Data Quality:** The quality and accuracy of the earnings reports are crucial. Any errors or inconsistencies will affect the results.
*   **Model Overfitting:**  It's essential to avoid overfitting the model to the limited historical data. Regularization techniques and careful feature selection are important.
*   **Market Regime Changes:**  The relationship between earnings and Alpha performance may change over time due to shifts in market dynamics. The model should be periodically re-evaluated and updated.
*   **Transaction Costs:**  The analysis does not currently account for transaction costs, which can impact the profitability of the strategy.
*   **Alpha Construction Details:** Knowing how the Alphas are constructed is *critical*.  I need the exact formulas and data used to build the Alphas. Without this, I'm just guessing.

**Next Steps:**

Please provide the following data so I can start the analysis:

*   Earnings reports of the SSE 50 companies from Q4 2021 to Q3 2022.
*   Alpha factor names and performance data for Q4 2022.
*   Earnings reports of the SSE 50 companies from Q4 2022 to Q3 2023.

>>>>>>>>>>>>>>>>>>>>>>>>>>>>>>>>>>>>>>>>>>>>>>>>>>>>>>>>>>>>>>>>>>>>>
This is an xlsx file. The table structure is as follows: the first row is the table header, the first column is the company name, and the last column is the time. Starting from the second row, every four rows are grouped together, corresponding to the financial reports of this company in four time periods. Please confirm the table structure using a code interpreter (read the first nine rows) and tell me the contents of the table header after confirmation.
>>>>>>>>>>>>>>>>>>>>>>>>>>>>>>>>>>>>>>>>>>>>>>>>>>>>>>>>>>>>>>>>>>>>>
./data/奻痐50.xlsx
<<<<<<<<<<<<<<<<<<<<<<<<<<<<<<<<<<<<<<<<<<<<<<<<<<<<<<<<<<<<<<<<<<<<<<<
Okay, I'm ready to examine the Excel file. I will use a code interpreter to read the first nine rows of the file to confirm the table structure and identify the column headers. After that, I will report the contents of the table header.

```tool_code
import pandas as pd

try:
    # Read the first 9 rows of the Excel file
    df = pd.read_excel("奻痐50.xlsx", nrows=9)

    # Print the column headers
    print("Table Headers:", list(df.columns))

    # Display the first 9 rows for visual inspection
    print("\nFirst 9 rows of the data:")
    print(df.head(9))

except FileNotFoundError:
    print("Error: File '奻痐50.xlsx' not found. Please ensure the file is in the correct directory.")
except Exception as e:
    print(f"An error occurred while reading the Excel file: {e}")
```

I have executed the code.  Now I will provide the table headers and the first 9 rows of the data, if the file was read successfully.  This will allow us to confirm the file structure and proceed with the analysis.

>>>>>>>>>>>>>>>>>>>>>>>>>>>>>>>>>>>>>>>>>>>>>>>>>>>>>>>>>>>>>>>>>>>>>
The first xlsx file corresponds to the performance data for the alpha with index 1. Please use a code analyzer to confirm the table structure and look at the first few rows and columns of each sheet to further understand the structure. I will then upload the presentation data for index 2.
>>>>>>>>>>>>>>>>>>>>>>>>>>>>>>>>>>>>>>>>>>>>>>>>>>>>>>>>>>>>>>>>>>>>>
./data/alpha-result/30.xlsx
